-- The C compiler identification is GNU 11.4.0
-- The CXX compiler identification is GNU 11.4.0
-- Detecting C compiler ABI info
-- Detecting C compiler ABI info - done
-- Check for working C compiler: /usr/bin/cc - skipped
-- Detecting C compile features
-- Detecting C compile features - done
-- Detecting CXX compiler ABI info
-- Detecting CXX compiler ABI info - done
-- Check for working CXX compiler: /usr/bin/c++ - skipped
-- Detecting CXX compile features
-- Detecting CXX compile features - done
-- Found ament_cmake: 1.3.14 (/opt/ros/humble/share/ament_cmake/cmake)
-- Found Python3: /usr/bin/python3 (found version "3.10.12") found components: Interpreter 
-- Found rclcpp: 16.0.19 (/opt/ros/humble/share/rclcpp/cmake)
-- Found rosidl_generator_c: 3.1.8 (/opt/ros/humble/share/rosidl_generator_c/cmake)
-- Found rosidl_adapter: 3.1.8 (/opt/ros/humble/share/rosidl_adapter/cmake)
-- Found rosidl_generator_cpp: 3.1.8 (/opt/ros/humble/share/rosidl_generator_cpp/cmake)
-- Using all available rosidl_typesupport_c: rosidl_typesupport_fastrtps_c;rosidl_typesupport_introspection_c
-- Using all available rosidl_typesupport_cpp: rosidl_typesupport_fastrtps_cpp;rosidl_typesupport_introspection_cpp
-- Found rmw_implementation_cmake: 6.1.2 (/opt/ros/humble/share/rmw_implementation_cmake/cmake)
-- Found rmw_fastrtps_cpp: 6.2.10 (/opt/ros/humble/share/rmw_fastrtps_cpp/cmake)
-- Found OpenSSL: /usr/lib/x86_64-linux-gnu/libcrypto.so (found version "3.0.2")  
-- Found FastRTPS: /opt/ros/humble/include  
-- Using RMW implementation 'rmw_fastrtps_cpp' as default
-- Looking for pthread.h
-- Looking for pthread.h - found
-- Performing Test CMAKE_HAVE_LIBC_PTHREAD
-- Performing Test CMAKE_HAVE_LIBC_PTHREAD - Success
-- Found Threads: TRUE  
-- Found sensor_msgs: 4.9.1 (/opt/ros/humble/share/sensor_msgs/cmake)
-- Found ament_lint_auto: 0.12.15 (/opt/ros/humble/share/ament_lint_auto/cmake)
-- Added test 'cppcheck' to perform static code analysis on C / C++ code
-- Configured cppcheck include dirs: $<BUILD_INTERFACE:/home/seunghoon/Documents/BYJ-hexsen/ros2_ws/src/sensorcpp/include>
-- Configured cppcheck exclude dirs and/or files: 
-- Added test 'lint_cmake' to check CMake code style
-- Added test 'uncrustify' to check C / C++ code style
-- Configured uncrustify additional arguments: 
-- Added test 'xmllint' to check XML markup files
-- Configuring done
-- Generating done
-- Build files have been written to: /home/seunghoon/Documents/BYJ-hexsen/ros2_ws/build/sensorcpp
[ 33%] [32mBuilding CXX object CMakeFiles/imu_pub.dir/src/main.cpp.o[0m
[ 66%] [32mBuilding CXX object CMakeFiles/imu_pub.dir/src/serial.cpp.o[0m
[100%] [32m[1mLinking CXX executable imu_pub[0m
[100%] Built target imu_pub
-- Install configuration: ""
-- Installing: /home/seunghoon/Documents/BYJ-hexsen/ros2_ws/install/sensorcpp/lib/sensorcpp/imu_pub
-- Set runtime path of "/home/seunghoon/Documents/BYJ-hexsen/ros2_ws/install/sensorcpp/lib/sensorcpp/imu_pub" to ""
-- Installing: /home/seunghoon/Documents/BYJ-hexsen/ros2_ws/install/sensorcpp/include
-- Installing: /home/seunghoon/Documents/BYJ-hexsen/ros2_ws/install/sensorcpp/include/sensorcpp
-- Installing: /home/seunghoon/Documents/BYJ-hexsen/ros2_ws/install/sensorcpp/include/sensorcpp/serial.hpp
-- Installing: /home/seunghoon/Documents/BYJ-hexsen/ros2_ws/install/sensorcpp/share/ament_index/resource_index/package_run_dependencies/sensorcpp
-- Installing: /home/seunghoon/Documents/BYJ-hexsen/ros2_ws/install/sensorcpp/share/ament_index/resource_index/parent_prefix_path/sensorcpp
-- Installing: /home/seunghoon/Documents/BYJ-hexsen/ros2_ws/install/sensorcpp/share/sensorcpp/environment/ament_prefix_path.sh
-- Installing: /home/seunghoon/Documents/BYJ-hexsen/ros2_ws/install/sensorcpp/share/sensorcpp/environment/ament_prefix_path.dsv
-- Installing: /home/seunghoon/Documents/BYJ-hexsen/ros2_ws/install/sensorcpp/share/sensorcpp/environment/path.sh
-- Installing: /home/seunghoon/Documents/BYJ-hexsen/ros2_ws/install/sensorcpp/share/sensorcpp/environment/path.dsv
-- Installing: /home/seunghoon/Documents/BYJ-hexsen/ros2_ws/install/sensorcpp/share/sensorcpp/local_setup.bash
-- Installing: /home/seunghoon/Documents/BYJ-hexsen/ros2_ws/install/sensorcpp/share/sensorcpp/local_setup.sh
-- Installing: /home/seunghoon/Documents/BYJ-hexsen/ros2_ws/install/sensorcpp/share/sensorcpp/local_setup.zsh
-- Installing: /home/seunghoon/Documents/BYJ-hexsen/ros2_ws/install/sensorcpp/share/sensorcpp/local_setup.dsv
-- Installing: /home/seunghoon/Documents/BYJ-hexsen/ros2_ws/install/sensorcpp/share/sensorcpp/package.dsv
-- Installing: /home/seunghoon/Documents/BYJ-hexsen/ros2_ws/install/sensorcpp/share/ament_index/resource_index/packages/sensorcpp
-- Installing: /home/seunghoon/Documents/BYJ-hexsen/ros2_ws/install/sensorcpp/share/sensorcpp/cmake/sensorcppConfig.cmake
-- Installing: /home/seunghoon/Documents/BYJ-hexsen/ros2_ws/install/sensorcpp/share/sensorcpp/cmake/sensorcppConfig-version.cmake
-- Installing: /home/seunghoon/Documents/BYJ-hexsen/ros2_ws/install/sensorcpp/share/sensorcpp/package.xml
