[0.117s] Invoking command in '/home/seunghoon/Documents/BYJ-hexsen/ros2_ws/build/sensorcpp': CMAKE_PREFIX_PATH=/opt/ros/humble /usr/bin/cmake /home/seunghoon/Documents/BYJ-hexsen/ros2_ws/src/sensorcpp -DCMAKE_INSTALL_PREFIX=/home/seunghoon/Documents/BYJ-hexsen/ros2_ws/install/sensorcpp
[0.151s] -- The C compiler identification is GNU 11.4.0
[0.181s] -- The CXX compiler identification is GNU 11.4.0
[0.186s] -- Detecting C compiler ABI info
[0.231s] -- Detecting C compiler ABI info - done
[0.237s] -- Check for working C compiler: /usr/bin/cc - skipped
[0.237s] -- Detecting C compile features
[0.238s] -- Detecting C compile features - done
[0.240s] -- Detecting CXX compiler ABI info
[0.286s] -- Detecting CXX compiler ABI info - done
[0.289s] -- Check for working CXX compiler: /usr/bin/c++ - skipped
[0.289s] -- Detecting CXX compile features
[0.290s] -- Detecting CXX compile features - done
[0.290s] -- Found ament_cmake: 1.3.14 (/opt/ros/humble/share/ament_cmake/cmake)
[0.372s] -- Found Python3: /usr/bin/python3 (found version "3.10.12") found components: Interpreter 
[0.410s] -- Found rclcpp: 16.0.19 (/opt/ros/humble/share/rclcpp/cmake)
[0.428s] -- Found rosidl_generator_c: 3.1.8 (/opt/ros/humble/share/rosidl_generator_c/cmake)
[0.430s] -- Found rosidl_adapter: 3.1.8 (/opt/ros/humble/share/rosidl_adapter/cmake)
[0.433s] -- Found rosidl_generator_cpp: 3.1.8 (/opt/ros/humble/share/rosidl_generator_cpp/cmake)
[0.438s] -- Using all available rosidl_typesupport_c: rosidl_typesupport_fastrtps_c;rosidl_typesupport_introspection_c
[0.445s] -- Using all available rosidl_typesupport_cpp: rosidl_typesupport_fastrtps_cpp;rosidl_typesupport_introspection_cpp
[0.462s] -- Found rmw_implementation_cmake: 6.1.2 (/opt/ros/humble/share/rmw_implementation_cmake/cmake)
[0.463s] -- Found rmw_fastrtps_cpp: 6.2.10 (/opt/ros/humble/share/rmw_fastrtps_cpp/cmake)
[0.507s] -- Found OpenSSL: /usr/lib/x86_64-linux-gnu/libcrypto.so (found version "3.0.2")  
[0.521s] -- Found FastRTPS: /opt/ros/humble/include  
[0.546s] -- Using RMW implementation 'rmw_fastrtps_cpp' as default
[0.550s] -- Looking for pthread.h
[0.592s] -- Looking for pthread.h - found
[0.592s] -- Performing Test CMAKE_HAVE_LIBC_PTHREAD
[0.634s] -- Performing Test CMAKE_HAVE_LIBC_PTHREAD - Success
[0.634s] -- Found Threads: TRUE  
[0.658s] -- Found sensor_msgs: 4.9.1 (/opt/ros/humble/share/sensor_msgs/cmake)
[0.672s] -- Found ament_lint_auto: 0.12.15 (/opt/ros/humble/share/ament_lint_auto/cmake)
[0.708s] -- Added test 'cppcheck' to perform static code analysis on C / C++ code
[0.708s] -- Configured cppcheck include dirs: $<BUILD_INTERFACE:/home/seunghoon/Documents/BYJ-hexsen/ros2_ws/src/sensorcpp/include>
[0.708s] -- Configured cppcheck exclude dirs and/or files: 
[0.708s] -- Added test 'lint_cmake' to check CMake code style
[0.709s] -- Added test 'uncrustify' to check C / C++ code style
[0.709s] -- Configured uncrustify additional arguments: 
[0.709s] -- Added test 'xmllint' to check XML markup files
[0.710s] -- Configuring done
[0.714s] -- Generating done
[0.715s] -- Build files have been written to: /home/seunghoon/Documents/BYJ-hexsen/ros2_ws/build/sensorcpp
[0.720s] Invoked command in '/home/seunghoon/Documents/BYJ-hexsen/ros2_ws/build/sensorcpp' returned '0': CMAKE_PREFIX_PATH=/opt/ros/humble /usr/bin/cmake /home/seunghoon/Documents/BYJ-hexsen/ros2_ws/src/sensorcpp -DCMAKE_INSTALL_PREFIX=/home/seunghoon/Documents/BYJ-hexsen/ros2_ws/install/sensorcpp
[0.721s] Invoking command in '/home/seunghoon/Documents/BYJ-hexsen/ros2_ws/build/sensorcpp': CMAKE_PREFIX_PATH=/opt/ros/humble /usr/bin/cmake --build /home/seunghoon/Documents/BYJ-hexsen/ros2_ws/build/sensorcpp -- -j24 -l24
[0.752s] [ 33%] [32mBuilding CXX object CMakeFiles/imu_pub.dir/src/main.cpp.o[0m
[0.753s] [ 66%] [32mBuilding CXX object CMakeFiles/imu_pub.dir/src/serial.cpp.o[0m
[0.929s] [01m[K/home/seunghoon/Documents/BYJ-hexsen/ros2_ws/src/sensorcpp/src/serial.cpp:[m[K In member function ‘[01m[Kint sensorcpp::serial::serialReadLine(unsigned int, uint8_t*)[m[K’:
[0.929s] [01m[K/home/seunghoon/Documents/BYJ-hexsen/ros2_ws/src/sensorcpp/src/serial.cpp:141:27:[m[K [01;35m[Kwarning: [m[Kcomparison of integer expressions of different signedness: ‘[01m[Kint[m[K’ and ‘[01m[Kunsigned int[m[K’ [[01;35m[K]8;;https://gcc.gnu.org/onlinedocs/gcc/Warning-Options.html#index-Wsign-compare-Wsign-compare]8;;[m[K]
[0.929s]   141 |         for (int i = 0; [01;35m[Ki < limit[m[K; i++)
[0.929s]       |                         [01;35m[K~~^~~~~~~[m[K
[0.929s] [01m[K/home/seunghoon/Documents/BYJ-hexsen/ros2_ws/src/sensorcpp/src/serial.cpp:[m[K In member function ‘[01m[Kint sensorcpp::serial::readIMU()[m[K’:
[0.929s] [01m[K/home/seunghoon/Documents/BYJ-hexsen/ros2_ws/src/sensorcpp/src/serial.cpp:155:17:[m[K [01;35m[Kwarning: [m[Kunused variable ‘[01m[KtrimData[m[K’ [[01;35m[K]8;;https://gcc.gnu.org/onlinedocs/gcc/Warning-Options.html#index-Wunused-variable-Wunused-variable]8;;[m[K]
[0.929s]   155 |         uint8_t [01;35m[KtrimData[m[K[255];
[0.929s]       |                 [01;35m[K^~~~~~~~[m[K
[2.724s] [100%] [32m[1mLinking CXX executable imu_pub[0m
[2.820s] [100%] Built target imu_pub
[2.827s] Invoked command in '/home/seunghoon/Documents/BYJ-hexsen/ros2_ws/build/sensorcpp' returned '0': CMAKE_PREFIX_PATH=/opt/ros/humble /usr/bin/cmake --build /home/seunghoon/Documents/BYJ-hexsen/ros2_ws/build/sensorcpp -- -j24 -l24
[2.833s] Invoking command in '/home/seunghoon/Documents/BYJ-hexsen/ros2_ws/build/sensorcpp': CMAKE_PREFIX_PATH=/opt/ros/humble /usr/bin/cmake --install /home/seunghoon/Documents/BYJ-hexsen/ros2_ws/build/sensorcpp
[2.839s] -- Install configuration: ""
[2.839s] -- Installing: /home/seunghoon/Documents/BYJ-hexsen/ros2_ws/install/sensorcpp/lib/sensorcpp/imu_pub
[2.839s] -- Set runtime path of "/home/seunghoon/Documents/BYJ-hexsen/ros2_ws/install/sensorcpp/lib/sensorcpp/imu_pub" to ""
[2.839s] -- Installing: /home/seunghoon/Documents/BYJ-hexsen/ros2_ws/install/sensorcpp/include
[2.839s] -- Installing: /home/seunghoon/Documents/BYJ-hexsen/ros2_ws/install/sensorcpp/include/sensorcpp
[2.839s] -- Installing: /home/seunghoon/Documents/BYJ-hexsen/ros2_ws/install/sensorcpp/include/sensorcpp/serial.hpp
[2.839s] -- Installing: /home/seunghoon/Documents/BYJ-hexsen/ros2_ws/install/sensorcpp/share/ament_index/resource_index/package_run_dependencies/sensorcpp
[2.839s] -- Installing: /home/seunghoon/Documents/BYJ-hexsen/ros2_ws/install/sensorcpp/share/ament_index/resource_index/parent_prefix_path/sensorcpp
[2.839s] -- Installing: /home/seunghoon/Documents/BYJ-hexsen/ros2_ws/install/sensorcpp/share/sensorcpp/environment/ament_prefix_path.sh
[2.840s] -- Installing: /home/seunghoon/Documents/BYJ-hexsen/ros2_ws/install/sensorcpp/share/sensorcpp/environment/ament_prefix_path.dsv
[2.840s] -- Installing: /home/seunghoon/Documents/BYJ-hexsen/ros2_ws/install/sensorcpp/share/sensorcpp/environment/path.sh
[2.840s] -- Installing: /home/seunghoon/Documents/BYJ-hexsen/ros2_ws/install/sensorcpp/share/sensorcpp/environment/path.dsv
[2.840s] -- Installing: /home/seunghoon/Documents/BYJ-hexsen/ros2_ws/install/sensorcpp/share/sensorcpp/local_setup.bash
[2.840s] -- Installing: /home/seunghoon/Documents/BYJ-hexsen/ros2_ws/install/sensorcpp/share/sensorcpp/local_setup.sh
[2.840s] -- Installing: /home/seunghoon/Documents/BYJ-hexsen/ros2_ws/install/sensorcpp/share/sensorcpp/local_setup.zsh
[2.840s] -- Installing: /home/seunghoon/Documents/BYJ-hexsen/ros2_ws/install/sensorcpp/share/sensorcpp/local_setup.dsv
[2.840s] -- Installing: /home/seunghoon/Documents/BYJ-hexsen/ros2_ws/install/sensorcpp/share/sensorcpp/package.dsv
[2.840s] -- Installing: /home/seunghoon/Documents/BYJ-hexsen/ros2_ws/install/sensorcpp/share/ament_index/resource_index/packages/sensorcpp
[2.840s] -- Installing: /home/seunghoon/Documents/BYJ-hexsen/ros2_ws/install/sensorcpp/share/sensorcpp/cmake/sensorcppConfig.cmake
[2.840s] -- Installing: /home/seunghoon/Documents/BYJ-hexsen/ros2_ws/install/sensorcpp/share/sensorcpp/cmake/sensorcppConfig-version.cmake
[2.840s] -- Installing: /home/seunghoon/Documents/BYJ-hexsen/ros2_ws/install/sensorcpp/share/sensorcpp/package.xml
[2.841s] Invoked command in '/home/seunghoon/Documents/BYJ-hexsen/ros2_ws/build/sensorcpp' returned '0': CMAKE_PREFIX_PATH=/opt/ros/humble /usr/bin/cmake --install /home/seunghoon/Documents/BYJ-hexsen/ros2_ws/build/sensorcpp
