[0.117s] Invoking command in '/home/seunghoon/Documents/BYJ-hexsen/ros2_ws/build/writer': CMAKE_PREFIX_PATH=/opt/ros/humble /usr/bin/cmake /home/seunghoon/Documents/BYJ-hexsen/ros2_ws/src/writer -DCMAKE_INSTALL_PREFIX=/home/seunghoon/Documents/BYJ-hexsen/ros2_ws/install/writer
[0.148s] -- The C compiler identification is GNU 11.4.0
[0.178s] -- The CXX compiler identification is GNU 11.4.0
[0.181s] -- Detecting C compiler ABI info
[0.227s] -- Detecting C compiler ABI info - done
[0.232s] -- Check for working C compiler: /usr/bin/cc - skipped
[0.233s] -- Detecting C compile features
[0.233s] -- Detecting C compile features - done
[0.234s] -- Detecting CXX compiler ABI info
[0.277s] -- Detecting CXX compiler ABI info - done
[0.280s] -- Check for working CXX compiler: /usr/bin/c++ - skipped
[0.281s] -- Detecting CXX compile features
[0.281s] -- Detecting CXX compile features - done
[0.281s] -- Found ament_cmake: 1.3.14 (/opt/ros/humble/share/ament_cmake/cmake)
[0.360s] -- Found Python3: /usr/bin/python3 (found version "3.10.12") found components: Interpreter 
[0.401s] -- Found rclcpp: 16.0.19 (/opt/ros/humble/share/rclcpp/cmake)
[0.417s] -- Found rosidl_generator_c: 3.1.8 (/opt/ros/humble/share/rosidl_generator_c/cmake)
[0.419s] -- Found rosidl_adapter: 3.1.8 (/opt/ros/humble/share/rosidl_adapter/cmake)
[0.422s] -- Found rosidl_generator_cpp: 3.1.8 (/opt/ros/humble/share/rosidl_generator_cpp/cmake)
[0.427s] -- Using all available rosidl_typesupport_c: rosidl_typesupport_fastrtps_c;rosidl_typesupport_introspection_c
[0.434s] -- Using all available rosidl_typesupport_cpp: rosidl_typesupport_fastrtps_cpp;rosidl_typesupport_introspection_cpp
[0.452s] -- Found rmw_implementation_cmake: 6.1.2 (/opt/ros/humble/share/rmw_implementation_cmake/cmake)
[0.453s] -- Found rmw_fastrtps_cpp: 6.2.10 (/opt/ros/humble/share/rmw_fastrtps_cpp/cmake)
[0.496s] -- Found OpenSSL: /usr/lib/x86_64-linux-gnu/libcrypto.so (found version "3.0.2")  
[0.508s] -- Found FastRTPS: /opt/ros/humble/include  
[0.530s] -- Using RMW implementation 'rmw_fastrtps_cpp' as default
[0.535s] -- Looking for pthread.h
[0.573s] -- Looking for pthread.h - found
[0.573s] -- Performing Test CMAKE_HAVE_LIBC_PTHREAD
[0.617s] -- Performing Test CMAKE_HAVE_LIBC_PTHREAD - Success
[0.617s] -- Found Threads: TRUE  
[0.650s] -- Found Boost: /usr/lib/x86_64-linux-gnu/cmake/Boost-1.74.0/BoostConfig.cmake (found version "1.74.0") found components: system thread 
[0.652s] -- Found tf2: 0.25.20 (/opt/ros/humble/share/tf2/cmake)
[0.663s] -- Found tf2_ros: 0.25.20 (/opt/ros/humble/share/tf2_ros/cmake)
[0.763s] -- Configuring done
[0.770s] -- Generating done
[0.773s] -- Build files have been written to: /home/seunghoon/Documents/BYJ-hexsen/ros2_ws/build/writer
[0.778s] Invoked command in '/home/seunghoon/Documents/BYJ-hexsen/ros2_ws/build/writer' returned '0': CMAKE_PREFIX_PATH=/opt/ros/humble /usr/bin/cmake /home/seunghoon/Documents/BYJ-hexsen/ros2_ws/src/writer -DCMAKE_INSTALL_PREFIX=/home/seunghoon/Documents/BYJ-hexsen/ros2_ws/install/writer
[0.779s] Invoking command in '/home/seunghoon/Documents/BYJ-hexsen/ros2_ws/build/writer': CMAKE_PREFIX_PATH=/opt/ros/humble /usr/bin/cmake --build /home/seunghoon/Documents/BYJ-hexsen/ros2_ws/build/writer -- -j24 -l24
[0.812s] [ 50%] [32mBuilding CXX object CMakeFiles/writer_sensor.dir/src/writer_sensor.cpp.o[0m
[0.812s] [ 50%] [32mBuilding CXX object CMakeFiles/ur_rtde_r.dir/src/ur_rtde_r.cpp.o[0m
[0.812s] [ 50%] [32mBuilding CXX object CMakeFiles/ur_rtde_node.dir/src/ur_rtde_node.cpp.o[0m
[0.812s] [ 50%] [32mBuilding CXX object CMakeFiles/writer_v4.dir/src/writer_v4.cpp.o[0m
[0.899s] [01m[K/home/seunghoon/Documents/BYJ-hexsen/ros2_ws/src/writer/src/writer_v4.cpp:14:10:[m[K [01;31m[Kfatal error: [m[Ksensor_msgs/msg/imu.hpp: No such file or directory
[0.899s]    14 | #include [01;31m[K"sensor_msgs/msg/imu.hpp"[m[K
[0.899s]       |          [01;31m[K^~~~~~~~~~~~~~~~~~~~~~~~~[m[K
[0.899s] compilation terminated.
[0.900s] gmake[2]: *** [CMakeFiles/writer_v4.dir/build.make:76: CMakeFiles/writer_v4.dir/src/writer_v4.cpp.o] Error 1
[0.900s] gmake[1]: *** [CMakeFiles/Makefile2:195: CMakeFiles/writer_v4.dir/all] Error 2
[0.900s] gmake[1]: *** Waiting for unfinished jobs....
[3.066s] [ 62%] [32m[1mLinking CXX executable ur_rtde_r[0m
[3.163s] [ 62%] Built target ur_rtde_r
[3.612s] [ 75%] [32m[1mLinking CXX executable ur_rtde_node[0m
[3.708s] [ 75%] Built target ur_rtde_node
[4.484s] [ 87%] [32m[1mLinking CXX executable writer_sensor[0m
[4.653s] [ 87%] Built target writer_sensor
[4.653s] gmake: *** [Makefile:146: all] Error 2
[4.655s] Invoked command in '/home/seunghoon/Documents/BYJ-hexsen/ros2_ws/build/writer' returned '2': CMAKE_PREFIX_PATH=/opt/ros/humble /usr/bin/cmake --build /home/seunghoon/Documents/BYJ-hexsen/ros2_ws/build/writer -- -j24 -l24
