[0.044s] DEBUG:colcon:Command line arguments: ['/usr/bin/colcon', 'build']
[0.045s] DEBUG:colcon:Parsed command line arguments: Namespace(log_base=None, log_level=None, verb_name='build', build_base='build', install_base='install', merge_install=False, symlink_install=False, test_result_base=None, continue_on_error=False, executor='parallel', parallel_workers=24, event_handlers=None, ignore_user_meta=False, metas=['./colcon.meta'], base_paths=['.'], packages_ignore=None, packages_ignore_regex=None, paths=None, packages_up_to=None, packages_up_to_regex=None, packages_above=None, packages_above_and_dependencies=None, packages_above_depth=None, packages_select_by_dep=None, packages_skip_by_dep=None, packages_skip_up_to=None, packages_select_build_failed=False, packages_skip_build_finished=False, packages_select_test_failures=False, packages_skip_test_passed=False, packages_select=None, packages_skip=None, packages_select_regex=None, packages_skip_regex=None, packages_start=None, packages_end=None, allow_overriding=[], cmake_args=None, cmake_target=None, cmake_target_skip_unavailable=False, cmake_clean_cache=False, cmake_clean_first=False, cmake_force_configure=False, ament_cmake_args=None, catkin_cmake_args=None, catkin_skip_building_tests=False, verb_parser=<colcon_defaults.argument_parser.defaults.DefaultArgumentsDecorator object at 0x71821822f250>, verb_extension=<colcon_core.verb.build.BuildVerb object at 0x71821835c760>, main=<bound method BuildVerb.main of <colcon_core.verb.build.BuildVerb object at 0x71821835c760>>)
[0.108s] Level 1:colcon.colcon_core.package_discovery:discover_packages(colcon_meta) check parameters
[0.108s] Level 1:colcon.colcon_core.package_discovery:discover_packages(recursive) check parameters
[0.108s] Level 1:colcon.colcon_core.package_discovery:discover_packages(ignore) check parameters
[0.108s] Level 1:colcon.colcon_core.package_discovery:discover_packages(path) check parameters
[0.108s] Level 1:colcon.colcon_core.package_discovery:discover_packages(colcon_meta) discover
[0.108s] Level 1:colcon.colcon_core.package_discovery:discover_packages(recursive) discover
[0.108s] INFO:colcon.colcon_core.package_discovery:Crawling recursively for packages in '/home/seunghoon/Documents/BYJ-hexsen/ros2_ws'
[0.108s] Level 1:colcon.colcon_core.package_identification:_identify(.) by extensions ['ignore', 'ignore_ament_install']
[0.108s] Level 1:colcon.colcon_core.package_identification:_identify(.) by extension 'ignore'
[0.108s] Level 1:colcon.colcon_core.package_identification:_identify(.) by extension 'ignore_ament_install'
[0.108s] Level 1:colcon.colcon_core.package_identification:_identify(.) by extensions ['colcon_pkg']
[0.108s] Level 1:colcon.colcon_core.package_identification:_identify(.) by extension 'colcon_pkg'
[0.108s] Level 1:colcon.colcon_core.package_identification:_identify(.) by extensions ['colcon_meta']
[0.108s] Level 1:colcon.colcon_core.package_identification:_identify(.) by extension 'colcon_meta'
[0.108s] Level 1:colcon.colcon_core.package_identification:_identify(.) by extensions ['ros']
[0.108s] Level 1:colcon.colcon_core.package_identification:_identify(.) by extension 'ros'
[0.113s] Level 1:colcon.colcon_core.package_identification:_identify(.) by extensions ['cmake', 'python']
[0.113s] Level 1:colcon.colcon_core.package_identification:_identify(.) by extension 'cmake'
[0.113s] Level 1:colcon.colcon_core.package_identification:_identify(.) by extension 'python'
[0.113s] Level 1:colcon.colcon_core.package_identification:_identify(.) by extensions ['python_setup_py']
[0.113s] Level 1:colcon.colcon_core.package_identification:_identify(.) by extension 'python_setup_py'
[0.113s] Level 1:colcon.colcon_core.package_identification:_identify(build) by extensions ['ignore', 'ignore_ament_install']
[0.113s] Level 1:colcon.colcon_core.package_identification:_identify(build) by extension 'ignore'
[0.113s] Level 1:colcon.colcon_core.package_identification:_identify(build) ignored
[0.114s] Level 1:colcon.colcon_core.package_identification:_identify(install) by extensions ['ignore', 'ignore_ament_install']
[0.114s] Level 1:colcon.colcon_core.package_identification:_identify(install) by extension 'ignore'
[0.114s] Level 1:colcon.colcon_core.package_identification:_identify(install) ignored
[0.114s] Level 1:colcon.colcon_core.package_identification:_identify(log) by extensions ['ignore', 'ignore_ament_install']
[0.114s] Level 1:colcon.colcon_core.package_identification:_identify(log) by extension 'ignore'
[0.114s] Level 1:colcon.colcon_core.package_identification:_identify(log) ignored
[0.114s] Level 1:colcon.colcon_core.package_identification:_identify(src) by extensions ['ignore', 'ignore_ament_install']
[0.114s] Level 1:colcon.colcon_core.package_identification:_identify(src) by extension 'ignore'
[0.114s] Level 1:colcon.colcon_core.package_identification:_identify(src) by extension 'ignore_ament_install'
[0.114s] Level 1:colcon.colcon_core.package_identification:_identify(src) by extensions ['colcon_pkg']
[0.114s] Level 1:colcon.colcon_core.package_identification:_identify(src) by extension 'colcon_pkg'
[0.114s] Level 1:colcon.colcon_core.package_identification:_identify(src) by extensions ['colcon_meta']
[0.114s] Level 1:colcon.colcon_core.package_identification:_identify(src) by extension 'colcon_meta'
[0.114s] Level 1:colcon.colcon_core.package_identification:_identify(src) by extensions ['ros']
[0.114s] Level 1:colcon.colcon_core.package_identification:_identify(src) by extension 'ros'
[0.114s] Level 1:colcon.colcon_core.package_identification:_identify(src) by extensions ['cmake', 'python']
[0.114s] Level 1:colcon.colcon_core.package_identification:_identify(src) by extension 'cmake'
[0.114s] Level 1:colcon.colcon_core.package_identification:_identify(src) by extension 'python'
[0.114s] Level 1:colcon.colcon_core.package_identification:_identify(src) by extensions ['python_setup_py']
[0.114s] Level 1:colcon.colcon_core.package_identification:_identify(src) by extension 'python_setup_py'
[0.114s] Level 1:colcon.colcon_core.package_identification:_identify(src/sensor) by extensions ['ignore', 'ignore_ament_install']
[0.114s] Level 1:colcon.colcon_core.package_identification:_identify(src/sensor) by extension 'ignore'
[0.114s] Level 1:colcon.colcon_core.package_identification:_identify(src/sensor) by extension 'ignore_ament_install'
[0.114s] Level 1:colcon.colcon_core.package_identification:_identify(src/sensor) by extensions ['colcon_pkg']
[0.114s] Level 1:colcon.colcon_core.package_identification:_identify(src/sensor) by extension 'colcon_pkg'
[0.114s] Level 1:colcon.colcon_core.package_identification:_identify(src/sensor) by extensions ['colcon_meta']
[0.114s] Level 1:colcon.colcon_core.package_identification:_identify(src/sensor) by extension 'colcon_meta'
[0.114s] Level 1:colcon.colcon_core.package_identification:_identify(src/sensor) by extensions ['ros']
[0.114s] Level 1:colcon.colcon_core.package_identification:_identify(src/sensor) by extension 'ros'
[0.115s] DEBUG:colcon.colcon_core.package_identification:Package 'src/sensor' with type 'ros.ament_python' and name 'sensor'
[0.115s] Level 1:colcon.colcon_core.package_identification:_identify(src/sensorcpp) by extensions ['ignore', 'ignore_ament_install']
[0.115s] Level 1:colcon.colcon_core.package_identification:_identify(src/sensorcpp) by extension 'ignore'
[0.115s] Level 1:colcon.colcon_core.package_identification:_identify(src/sensorcpp) by extension 'ignore_ament_install'
[0.115s] Level 1:colcon.colcon_core.package_identification:_identify(src/sensorcpp) by extensions ['colcon_pkg']
[0.115s] Level 1:colcon.colcon_core.package_identification:_identify(src/sensorcpp) by extension 'colcon_pkg'
[0.115s] Level 1:colcon.colcon_core.package_identification:_identify(src/sensorcpp) by extensions ['colcon_meta']
[0.115s] Level 1:colcon.colcon_core.package_identification:_identify(src/sensorcpp) by extension 'colcon_meta'
[0.115s] Level 1:colcon.colcon_core.package_identification:_identify(src/sensorcpp) by extensions ['ros']
[0.115s] Level 1:colcon.colcon_core.package_identification:_identify(src/sensorcpp) by extension 'ros'
[0.116s] DEBUG:colcon.colcon_core.package_identification:Package 'src/sensorcpp' with type 'ros.ament_cmake' and name 'sensorcpp'
[0.116s] Level 1:colcon.colcon_core.package_identification:_identify(src/writer) by extensions ['ignore', 'ignore_ament_install']
[0.116s] Level 1:colcon.colcon_core.package_identification:_identify(src/writer) by extension 'ignore'
[0.116s] Level 1:colcon.colcon_core.package_identification:_identify(src/writer) by extension 'ignore_ament_install'
[0.116s] Level 1:colcon.colcon_core.package_identification:_identify(src/writer) by extensions ['colcon_pkg']
[0.116s] Level 1:colcon.colcon_core.package_identification:_identify(src/writer) by extension 'colcon_pkg'
[0.116s] Level 1:colcon.colcon_core.package_identification:_identify(src/writer) by extensions ['colcon_meta']
[0.116s] Level 1:colcon.colcon_core.package_identification:_identify(src/writer) by extension 'colcon_meta'
[0.116s] Level 1:colcon.colcon_core.package_identification:_identify(src/writer) by extensions ['ros']
[0.116s] Level 1:colcon.colcon_core.package_identification:_identify(src/writer) by extension 'ros'
[0.116s] DEBUG:colcon.colcon_core.package_identification:Package 'src/writer' with type 'ros.ament_cmake' and name 'writer'
[0.116s] Level 1:colcon.colcon_core.package_discovery:discover_packages(recursive) using defaults
[0.116s] Level 1:colcon.colcon_core.package_discovery:discover_packages(ignore) discover
[0.116s] Level 1:colcon.colcon_core.package_discovery:discover_packages(ignore) using defaults
[0.116s] Level 1:colcon.colcon_core.package_discovery:discover_packages(path) discover
[0.116s] Level 1:colcon.colcon_core.package_discovery:discover_packages(path) using defaults
[0.125s] Level 1:colcon.colcon_core.package_discovery:discover_packages(prefix_path) check parameters
[0.125s] Level 1:colcon.colcon_core.package_discovery:discover_packages(prefix_path) discover
[0.126s] DEBUG:colcon.colcon_installed_package_information.package_discovery:Found 273 installed packages in /opt/ros/humble
[0.127s] Level 1:colcon.colcon_core.package_discovery:discover_packages(prefix_path) using defaults
[0.146s] Level 5:colcon.colcon_core.verb:set package 'sensor' build argument 'cmake_args' from command line to 'None'
[0.146s] Level 5:colcon.colcon_core.verb:set package 'sensor' build argument 'cmake_target' from command line to 'None'
[0.146s] Level 5:colcon.colcon_core.verb:set package 'sensor' build argument 'cmake_target_skip_unavailable' from command line to 'False'
[0.146s] Level 5:colcon.colcon_core.verb:set package 'sensor' build argument 'cmake_clean_cache' from command line to 'False'
[0.146s] Level 5:colcon.colcon_core.verb:set package 'sensor' build argument 'cmake_clean_first' from command line to 'False'
[0.146s] Level 5:colcon.colcon_core.verb:set package 'sensor' build argument 'cmake_force_configure' from command line to 'False'
[0.146s] Level 5:colcon.colcon_core.verb:set package 'sensor' build argument 'ament_cmake_args' from command line to 'None'
[0.146s] Level 5:colcon.colcon_core.verb:set package 'sensor' build argument 'catkin_cmake_args' from command line to 'None'
[0.146s] Level 5:colcon.colcon_core.verb:set package 'sensor' build argument 'catkin_skip_building_tests' from command line to 'False'
[0.146s] DEBUG:colcon.colcon_core.verb:Building package 'sensor' with the following arguments: {'ament_cmake_args': None, 'build_base': '/home/seunghoon/Documents/BYJ-hexsen/ros2_ws/build/sensor', 'catkin_cmake_args': None, 'catkin_skip_building_tests': False, 'cmake_args': None, 'cmake_clean_cache': False, 'cmake_clean_first': False, 'cmake_force_configure': False, 'cmake_target': None, 'cmake_target_skip_unavailable': False, 'install_base': '/home/seunghoon/Documents/BYJ-hexsen/ros2_ws/install/sensor', 'merge_install': False, 'path': '/home/seunghoon/Documents/BYJ-hexsen/ros2_ws/src/sensor', 'symlink_install': False, 'test_result_base': None}
[0.146s] Level 5:colcon.colcon_core.verb:set package 'sensorcpp' build argument 'cmake_args' from command line to 'None'
[0.146s] Level 5:colcon.colcon_core.verb:set package 'sensorcpp' build argument 'cmake_target' from command line to 'None'
[0.146s] Level 5:colcon.colcon_core.verb:set package 'sensorcpp' build argument 'cmake_target_skip_unavailable' from command line to 'False'
[0.146s] Level 5:colcon.colcon_core.verb:set package 'sensorcpp' build argument 'cmake_clean_cache' from command line to 'False'
[0.146s] Level 5:colcon.colcon_core.verb:set package 'sensorcpp' build argument 'cmake_clean_first' from command line to 'False'
[0.146s] Level 5:colcon.colcon_core.verb:set package 'sensorcpp' build argument 'cmake_force_configure' from command line to 'False'
[0.146s] Level 5:colcon.colcon_core.verb:set package 'sensorcpp' build argument 'ament_cmake_args' from command line to 'None'
[0.146s] Level 5:colcon.colcon_core.verb:set package 'sensorcpp' build argument 'catkin_cmake_args' from command line to 'None'
[0.146s] Level 5:colcon.colcon_core.verb:set package 'sensorcpp' build argument 'catkin_skip_building_tests' from command line to 'False'
[0.146s] DEBUG:colcon.colcon_core.verb:Building package 'sensorcpp' with the following arguments: {'ament_cmake_args': None, 'build_base': '/home/seunghoon/Documents/BYJ-hexsen/ros2_ws/build/sensorcpp', 'catkin_cmake_args': None, 'catkin_skip_building_tests': False, 'cmake_args': None, 'cmake_clean_cache': False, 'cmake_clean_first': False, 'cmake_force_configure': False, 'cmake_target': None, 'cmake_target_skip_unavailable': False, 'install_base': '/home/seunghoon/Documents/BYJ-hexsen/ros2_ws/install/sensorcpp', 'merge_install': False, 'path': '/home/seunghoon/Documents/BYJ-hexsen/ros2_ws/src/sensorcpp', 'symlink_install': False, 'test_result_base': None}
[0.146s] Level 5:colcon.colcon_core.verb:set package 'writer' build argument 'cmake_args' from command line to 'None'
[0.146s] Level 5:colcon.colcon_core.verb:set package 'writer' build argument 'cmake_target' from command line to 'None'
[0.146s] Level 5:colcon.colcon_core.verb:set package 'writer' build argument 'cmake_target_skip_unavailable' from command line to 'False'
[0.146s] Level 5:colcon.colcon_core.verb:set package 'writer' build argument 'cmake_clean_cache' from command line to 'False'
[0.146s] Level 5:colcon.colcon_core.verb:set package 'writer' build argument 'cmake_clean_first' from command line to 'False'
[0.146s] Level 5:colcon.colcon_core.verb:set package 'writer' build argument 'cmake_force_configure' from command line to 'False'
[0.146s] Level 5:colcon.colcon_core.verb:set package 'writer' build argument 'ament_cmake_args' from command line to 'None'
[0.146s] Level 5:colcon.colcon_core.verb:set package 'writer' build argument 'catkin_cmake_args' from command line to 'None'
[0.146s] Level 5:colcon.colcon_core.verb:set package 'writer' build argument 'catkin_skip_building_tests' from command line to 'False'
[0.146s] DEBUG:colcon.colcon_core.verb:Building package 'writer' with the following arguments: {'ament_cmake_args': None, 'build_base': '/home/seunghoon/Documents/BYJ-hexsen/ros2_ws/build/writer', 'catkin_cmake_args': None, 'catkin_skip_building_tests': False, 'cmake_args': None, 'cmake_clean_cache': False, 'cmake_clean_first': False, 'cmake_force_configure': False, 'cmake_target': None, 'cmake_target_skip_unavailable': False, 'install_base': '/home/seunghoon/Documents/BYJ-hexsen/ros2_ws/install/writer', 'merge_install': False, 'path': '/home/seunghoon/Documents/BYJ-hexsen/ros2_ws/src/writer', 'symlink_install': False, 'test_result_base': None}
[0.146s] INFO:colcon.colcon_core.executor:Executing jobs using 'parallel' executor
[0.147s] DEBUG:colcon.colcon_parallel_executor.executor.parallel:run_until_complete
[0.147s] INFO:colcon.colcon_ros.task.ament_python.build:Building ROS package in '/home/seunghoon/Documents/BYJ-hexsen/ros2_ws/src/sensor' with build type 'ament_python'
[0.147s] Level 1:colcon.colcon_core.shell:create_environment_hook('sensor', 'ament_prefix_path')
[0.148s] INFO:colcon.colcon_core.plugin_system:Skipping extension 'colcon_core.shell.bat': Not used on non-Windows systems
[0.148s] INFO:colcon.colcon_core.shell:Creating environment hook '/home/seunghoon/Documents/BYJ-hexsen/ros2_ws/install/sensor/share/sensor/hook/ament_prefix_path.ps1'
[0.148s] INFO:colcon.colcon_core.shell:Creating environment descriptor '/home/seunghoon/Documents/BYJ-hexsen/ros2_ws/install/sensor/share/sensor/hook/ament_prefix_path.dsv'
[0.149s] INFO:colcon.colcon_core.shell:Creating environment hook '/home/seunghoon/Documents/BYJ-hexsen/ros2_ws/install/sensor/share/sensor/hook/ament_prefix_path.sh'
[0.149s] INFO:colcon.colcon_core.shell:Skip shell extension 'powershell' for command environment: Not usable outside of PowerShell
[0.149s] DEBUG:colcon.colcon_core.shell:Skip shell extension 'dsv' for command environment
[0.150s] INFO:colcon.colcon_ros.task.ament_cmake.build:Building ROS package in '/home/seunghoon/Documents/BYJ-hexsen/ros2_ws/src/sensorcpp' with build type 'ament_cmake'
[0.150s] INFO:colcon.colcon_cmake.task.cmake.build:Building CMake package in '/home/seunghoon/Documents/BYJ-hexsen/ros2_ws/src/sensorcpp'
[0.150s] INFO:colcon.colcon_core.shell:Skip shell extension 'powershell' for command environment: Not usable outside of PowerShell
[0.150s] DEBUG:colcon.colcon_core.shell:Skip shell extension 'dsv' for command environment
[0.152s] INFO:colcon.colcon_ros.task.ament_cmake.build:Building ROS package in '/home/seunghoon/Documents/BYJ-hexsen/ros2_ws/src/writer' with build type 'ament_cmake'
[0.152s] INFO:colcon.colcon_cmake.task.cmake.build:Building CMake package in '/home/seunghoon/Documents/BYJ-hexsen/ros2_ws/src/writer'
[0.152s] INFO:colcon.colcon_core.shell:Skip shell extension 'powershell' for command environment: Not usable outside of PowerShell
[0.152s] DEBUG:colcon.colcon_core.shell:Skip shell extension 'dsv' for command environment
[0.264s] INFO:colcon.colcon_core.task.python.build:Building Python package in '/home/seunghoon/Documents/BYJ-hexsen/ros2_ws/src/sensor'
[0.264s] INFO:colcon.colcon_core.shell:Skip shell extension 'powershell' for command environment: Not usable outside of PowerShell
[0.264s] DEBUG:colcon.colcon_core.shell:Skip shell extension 'dsv' for command environment
[0.267s] DEBUG:colcon.colcon_core.event_handler.log_command:Invoking command in '/home/seunghoon/Documents/BYJ-hexsen/ros2_ws/build/sensorcpp': CMAKE_PREFIX_PATH=/opt/ros/humble /usr/bin/cmake /home/seunghoon/Documents/BYJ-hexsen/ros2_ws/src/sensorcpp -DCMAKE_INSTALL_PREFIX=/home/seunghoon/Documents/BYJ-hexsen/ros2_ws/install/sensorcpp
[0.269s] DEBUG:colcon.colcon_core.event_handler.log_command:Invoking command in '/home/seunghoon/Documents/BYJ-hexsen/ros2_ws/build/writer': CMAKE_PREFIX_PATH=/opt/ros/humble /usr/bin/cmake /home/seunghoon/Documents/BYJ-hexsen/ros2_ws/src/writer -DCMAKE_INSTALL_PREFIX=/home/seunghoon/Documents/BYJ-hexsen/ros2_ws/install/writer
[0.408s] DEBUG:colcon.colcon_core.event_handler.log_command:Invoking command in '/home/seunghoon/Documents/BYJ-hexsen/ros2_ws/src/sensor': PYTHONPATH=/home/seunghoon/Documents/BYJ-hexsen/ros2_ws/build/sensor/prefix_override:/usr/lib/python3/dist-packages/colcon_core/task/python/colcon_distutils_commands:/home/seunghoon/Documents/BYJ-hexsen/ros2_ws/install/sensor/lib/python3.10/site-packages:${PYTHONPATH} /usr/bin/python3 -W ignore:setup.py install is deprecated -W ignore:easy_install command is deprecated setup.py egg_info --egg-base ../../build/sensor build --build-base /home/seunghoon/Documents/BYJ-hexsen/ros2_ws/build/sensor/build install --record /home/seunghoon/Documents/BYJ-hexsen/ros2_ws/build/sensor/install.log --single-version-externally-managed install_data
[0.528s] DEBUG:colcon.colcon_core.event_handler.log_command:Invoked command in '/home/seunghoon/Documents/BYJ-hexsen/ros2_ws/src/sensor' returned '0': PYTHONPATH=/home/seunghoon/Documents/BYJ-hexsen/ros2_ws/build/sensor/prefix_override:/usr/lib/python3/dist-packages/colcon_core/task/python/colcon_distutils_commands:/home/seunghoon/Documents/BYJ-hexsen/ros2_ws/install/sensor/lib/python3.10/site-packages:${PYTHONPATH} /usr/bin/python3 -W ignore:setup.py install is deprecated -W ignore:easy_install command is deprecated setup.py egg_info --egg-base ../../build/sensor build --build-base /home/seunghoon/Documents/BYJ-hexsen/ros2_ws/build/sensor/build install --record /home/seunghoon/Documents/BYJ-hexsen/ros2_ws/build/sensor/install.log --single-version-externally-managed install_data
[0.528s] Level 1:colcon.colcon_core.environment:checking '/home/seunghoon/Documents/BYJ-hexsen/ros2_ws/install/sensor' for CMake module files
[0.529s] Level 1:colcon.colcon_core.environment:checking '/home/seunghoon/Documents/BYJ-hexsen/ros2_ws/install/sensor' for CMake config files
[0.529s] Level 1:colcon.colcon_core.environment:checking '/home/seunghoon/Documents/BYJ-hexsen/ros2_ws/install/sensor/lib'
[0.529s] Level 1:colcon.colcon_core.environment:checking '/home/seunghoon/Documents/BYJ-hexsen/ros2_ws/install/sensor/bin'
[0.529s] Level 1:colcon.colcon_core.environment:checking '/home/seunghoon/Documents/BYJ-hexsen/ros2_ws/install/sensor/lib/pkgconfig/sensor.pc'
[0.529s] Level 1:colcon.colcon_core.environment:checking '/home/seunghoon/Documents/BYJ-hexsen/ros2_ws/install/sensor/lib/python3.10/site-packages'
[0.529s] Level 1:colcon.colcon_core.shell:create_environment_hook('sensor', 'pythonpath')
[0.529s] INFO:colcon.colcon_core.shell:Creating environment hook '/home/seunghoon/Documents/BYJ-hexsen/ros2_ws/install/sensor/share/sensor/hook/pythonpath.ps1'
[0.529s] INFO:colcon.colcon_core.shell:Creating environment descriptor '/home/seunghoon/Documents/BYJ-hexsen/ros2_ws/install/sensor/share/sensor/hook/pythonpath.dsv'
[0.529s] INFO:colcon.colcon_core.shell:Creating environment hook '/home/seunghoon/Documents/BYJ-hexsen/ros2_ws/install/sensor/share/sensor/hook/pythonpath.sh'
[0.530s] Level 1:colcon.colcon_core.environment:checking '/home/seunghoon/Documents/BYJ-hexsen/ros2_ws/install/sensor/bin'
[0.530s] Level 1:colcon.colcon_core.environment:create_environment_scripts_only(sensor)
[0.530s] INFO:colcon.colcon_core.shell:Creating package script '/home/seunghoon/Documents/BYJ-hexsen/ros2_ws/install/sensor/share/sensor/package.ps1'
[0.530s] INFO:colcon.colcon_core.shell:Creating package descriptor '/home/seunghoon/Documents/BYJ-hexsen/ros2_ws/install/sensor/share/sensor/package.dsv'
[0.531s] INFO:colcon.colcon_core.shell:Creating package script '/home/seunghoon/Documents/BYJ-hexsen/ros2_ws/install/sensor/share/sensor/package.sh'
[0.531s] INFO:colcon.colcon_core.shell:Creating package script '/home/seunghoon/Documents/BYJ-hexsen/ros2_ws/install/sensor/share/sensor/package.bash'
[0.531s] INFO:colcon.colcon_core.shell:Creating package script '/home/seunghoon/Documents/BYJ-hexsen/ros2_ws/install/sensor/share/sensor/package.zsh'
[0.531s] Level 1:colcon.colcon_core.environment:create_file_with_runtime_dependencies(/home/seunghoon/Documents/BYJ-hexsen/ros2_ws/install/sensor/share/colcon-core/packages/sensor)
[0.870s] DEBUG:colcon.colcon_core.event_handler.log_command:Invoked command in '/home/seunghoon/Documents/BYJ-hexsen/ros2_ws/build/sensorcpp' returned '0': CMAKE_PREFIX_PATH=/opt/ros/humble /usr/bin/cmake /home/seunghoon/Documents/BYJ-hexsen/ros2_ws/src/sensorcpp -DCMAKE_INSTALL_PREFIX=/home/seunghoon/Documents/BYJ-hexsen/ros2_ws/install/sensorcpp
[0.871s] DEBUG:colcon.colcon_core.event_handler.log_command:Invoking command in '/home/seunghoon/Documents/BYJ-hexsen/ros2_ws/build/sensorcpp': CMAKE_PREFIX_PATH=/opt/ros/humble /usr/bin/cmake --build /home/seunghoon/Documents/BYJ-hexsen/ros2_ws/build/sensorcpp -- -j24 -l24
[0.930s] DEBUG:colcon.colcon_core.event_handler.log_command:Invoked command in '/home/seunghoon/Documents/BYJ-hexsen/ros2_ws/build/writer' returned '0': CMAKE_PREFIX_PATH=/opt/ros/humble /usr/bin/cmake /home/seunghoon/Documents/BYJ-hexsen/ros2_ws/src/writer -DCMAKE_INSTALL_PREFIX=/home/seunghoon/Documents/BYJ-hexsen/ros2_ws/install/writer
[0.931s] DEBUG:colcon.colcon_core.event_handler.log_command:Invoking command in '/home/seunghoon/Documents/BYJ-hexsen/ros2_ws/build/writer': CMAKE_PREFIX_PATH=/opt/ros/humble /usr/bin/cmake --build /home/seunghoon/Documents/BYJ-hexsen/ros2_ws/build/writer -- -j24 -l24
[2.977s] DEBUG:colcon.colcon_core.event_handler.log_command:Invoked command in '/home/seunghoon/Documents/BYJ-hexsen/ros2_ws/build/sensorcpp' returned '0': CMAKE_PREFIX_PATH=/opt/ros/humble /usr/bin/cmake --build /home/seunghoon/Documents/BYJ-hexsen/ros2_ws/build/sensorcpp -- -j24 -l24
[2.984s] DEBUG:colcon.colcon_core.event_handler.log_command:Invoking command in '/home/seunghoon/Documents/BYJ-hexsen/ros2_ws/build/sensorcpp': CMAKE_PREFIX_PATH=/opt/ros/humble /usr/bin/cmake --install /home/seunghoon/Documents/BYJ-hexsen/ros2_ws/build/sensorcpp
[2.991s] Level 1:colcon.colcon_core.environment:create_environment_scripts_only(sensorcpp)
[2.991s] DEBUG:colcon.colcon_core.event_handler.log_command:Invoked command in '/home/seunghoon/Documents/BYJ-hexsen/ros2_ws/build/sensorcpp' returned '0': CMAKE_PREFIX_PATH=/opt/ros/humble /usr/bin/cmake --install /home/seunghoon/Documents/BYJ-hexsen/ros2_ws/build/sensorcpp
[2.992s] Level 1:colcon.colcon_core.environment:checking '/home/seunghoon/Documents/BYJ-hexsen/ros2_ws/install/sensorcpp' for CMake module files
[2.992s] Level 1:colcon.colcon_core.environment:checking '/home/seunghoon/Documents/BYJ-hexsen/ros2_ws/install/sensorcpp' for CMake config files
[2.992s] Level 1:colcon.colcon_core.shell:create_environment_hook('sensorcpp', 'cmake_prefix_path')
[2.992s] INFO:colcon.colcon_core.shell:Creating environment hook '/home/seunghoon/Documents/BYJ-hexsen/ros2_ws/install/sensorcpp/share/sensorcpp/hook/cmake_prefix_path.ps1'
[2.992s] INFO:colcon.colcon_core.shell:Creating environment descriptor '/home/seunghoon/Documents/BYJ-hexsen/ros2_ws/install/sensorcpp/share/sensorcpp/hook/cmake_prefix_path.dsv'
[2.992s] INFO:colcon.colcon_core.shell:Creating environment hook '/home/seunghoon/Documents/BYJ-hexsen/ros2_ws/install/sensorcpp/share/sensorcpp/hook/cmake_prefix_path.sh'
[2.992s] Level 1:colcon.colcon_core.environment:checking '/home/seunghoon/Documents/BYJ-hexsen/ros2_ws/install/sensorcpp/lib'
[2.993s] Level 1:colcon.colcon_core.environment:checking '/home/seunghoon/Documents/BYJ-hexsen/ros2_ws/install/sensorcpp/bin'
[2.993s] Level 1:colcon.colcon_core.environment:checking '/home/seunghoon/Documents/BYJ-hexsen/ros2_ws/install/sensorcpp/lib/pkgconfig/sensorcpp.pc'
[2.993s] Level 1:colcon.colcon_core.environment:checking '/home/seunghoon/Documents/BYJ-hexsen/ros2_ws/install/sensorcpp/lib/python3.10/site-packages'
[2.993s] Level 1:colcon.colcon_core.environment:checking '/home/seunghoon/Documents/BYJ-hexsen/ros2_ws/install/sensorcpp/bin'
[2.993s] INFO:colcon.colcon_core.shell:Creating package script '/home/seunghoon/Documents/BYJ-hexsen/ros2_ws/install/sensorcpp/share/sensorcpp/package.ps1'
[2.993s] INFO:colcon.colcon_core.shell:Creating package descriptor '/home/seunghoon/Documents/BYJ-hexsen/ros2_ws/install/sensorcpp/share/sensorcpp/package.dsv'
[2.993s] INFO:colcon.colcon_core.shell:Creating package script '/home/seunghoon/Documents/BYJ-hexsen/ros2_ws/install/sensorcpp/share/sensorcpp/package.sh'
[2.993s] INFO:colcon.colcon_core.shell:Creating package script '/home/seunghoon/Documents/BYJ-hexsen/ros2_ws/install/sensorcpp/share/sensorcpp/package.bash'
[2.994s] INFO:colcon.colcon_core.shell:Creating package script '/home/seunghoon/Documents/BYJ-hexsen/ros2_ws/install/sensorcpp/share/sensorcpp/package.zsh'
[2.994s] Level 1:colcon.colcon_core.environment:create_file_with_runtime_dependencies(/home/seunghoon/Documents/BYJ-hexsen/ros2_ws/install/sensorcpp/share/colcon-core/packages/sensorcpp)
[2.994s] Level 1:colcon.colcon_core.environment:create_environment_scripts_only(sensorcpp)
[2.994s] Level 1:colcon.colcon_core.environment:checking '/home/seunghoon/Documents/BYJ-hexsen/ros2_ws/install/sensorcpp' for CMake module files
[2.994s] Level 1:colcon.colcon_core.environment:checking '/home/seunghoon/Documents/BYJ-hexsen/ros2_ws/install/sensorcpp' for CMake config files
[2.994s] Level 1:colcon.colcon_core.shell:create_environment_hook('sensorcpp', 'cmake_prefix_path')
[2.994s] INFO:colcon.colcon_core.shell:Creating environment hook '/home/seunghoon/Documents/BYJ-hexsen/ros2_ws/install/sensorcpp/share/sensorcpp/hook/cmake_prefix_path.ps1'
[2.995s] INFO:colcon.colcon_core.shell:Creating environment descriptor '/home/seunghoon/Documents/BYJ-hexsen/ros2_ws/install/sensorcpp/share/sensorcpp/hook/cmake_prefix_path.dsv'
[2.995s] INFO:colcon.colcon_core.shell:Creating environment hook '/home/seunghoon/Documents/BYJ-hexsen/ros2_ws/install/sensorcpp/share/sensorcpp/hook/cmake_prefix_path.sh'
[2.995s] Level 1:colcon.colcon_core.environment:checking '/home/seunghoon/Documents/BYJ-hexsen/ros2_ws/install/sensorcpp/lib'
[2.995s] Level 1:colcon.colcon_core.environment:checking '/home/seunghoon/Documents/BYJ-hexsen/ros2_ws/install/sensorcpp/bin'
[2.995s] Level 1:colcon.colcon_core.environment:checking '/home/seunghoon/Documents/BYJ-hexsen/ros2_ws/install/sensorcpp/lib/pkgconfig/sensorcpp.pc'
[2.995s] Level 1:colcon.colcon_core.environment:checking '/home/seunghoon/Documents/BYJ-hexsen/ros2_ws/install/sensorcpp/lib/python3.10/site-packages'
[2.995s] Level 1:colcon.colcon_core.environment:checking '/home/seunghoon/Documents/BYJ-hexsen/ros2_ws/install/sensorcpp/bin'
[2.995s] INFO:colcon.colcon_core.shell:Creating package script '/home/seunghoon/Documents/BYJ-hexsen/ros2_ws/install/sensorcpp/share/sensorcpp/package.ps1'
[2.996s] INFO:colcon.colcon_core.shell:Creating package descriptor '/home/seunghoon/Documents/BYJ-hexsen/ros2_ws/install/sensorcpp/share/sensorcpp/package.dsv'
[2.996s] INFO:colcon.colcon_core.shell:Creating package script '/home/seunghoon/Documents/BYJ-hexsen/ros2_ws/install/sensorcpp/share/sensorcpp/package.sh'
[2.996s] INFO:colcon.colcon_core.shell:Creating package script '/home/seunghoon/Documents/BYJ-hexsen/ros2_ws/install/sensorcpp/share/sensorcpp/package.bash'
[2.996s] INFO:colcon.colcon_core.shell:Creating package script '/home/seunghoon/Documents/BYJ-hexsen/ros2_ws/install/sensorcpp/share/sensorcpp/package.zsh'
[2.996s] Level 1:colcon.colcon_core.environment:create_file_with_runtime_dependencies(/home/seunghoon/Documents/BYJ-hexsen/ros2_ws/install/sensorcpp/share/colcon-core/packages/sensorcpp)
[4.807s] DEBUG:colcon.colcon_core.event_handler.log_command:Invoked command in '/home/seunghoon/Documents/BYJ-hexsen/ros2_ws/build/writer' returned '2': CMAKE_PREFIX_PATH=/opt/ros/humble /usr/bin/cmake --build /home/seunghoon/Documents/BYJ-hexsen/ros2_ws/build/writer -- -j24 -l24
[4.807s] Level 1:colcon.colcon_core.environment:create_environment_scripts_only(writer)
[4.807s] Level 1:colcon.colcon_core.environment:checking '/home/seunghoon/Documents/BYJ-hexsen/ros2_ws/install/writer' for CMake module files
[4.808s] Level 1:colcon.colcon_core.environment:checking '/home/seunghoon/Documents/BYJ-hexsen/ros2_ws/install/writer' for CMake config files
[4.808s] Level 1:colcon.colcon_core.environment:checking '/home/seunghoon/Documents/BYJ-hexsen/ros2_ws/install/writer/bin'
[4.808s] Level 1:colcon.colcon_core.environment:checking '/home/seunghoon/Documents/BYJ-hexsen/ros2_ws/install/writer/lib/pkgconfig/writer.pc'
[4.808s] Level 1:colcon.colcon_core.environment:checking '/home/seunghoon/Documents/BYJ-hexsen/ros2_ws/install/writer/lib/python3.10/site-packages'
[4.808s] Level 1:colcon.colcon_core.environment:checking '/home/seunghoon/Documents/BYJ-hexsen/ros2_ws/install/writer/bin'
[4.808s] INFO:colcon.colcon_core.shell:Creating package script '/home/seunghoon/Documents/BYJ-hexsen/ros2_ws/install/writer/share/writer/package.ps1'
[4.809s] INFO:colcon.colcon_core.shell:Creating package descriptor '/home/seunghoon/Documents/BYJ-hexsen/ros2_ws/install/writer/share/writer/package.dsv'
[4.809s] INFO:colcon.colcon_core.shell:Creating package script '/home/seunghoon/Documents/BYJ-hexsen/ros2_ws/install/writer/share/writer/package.sh'
[4.809s] INFO:colcon.colcon_core.shell:Creating package script '/home/seunghoon/Documents/BYJ-hexsen/ros2_ws/install/writer/share/writer/package.bash'
[4.810s] INFO:colcon.colcon_core.shell:Creating package script '/home/seunghoon/Documents/BYJ-hexsen/ros2_ws/install/writer/share/writer/package.zsh'
[4.810s] Level 1:colcon.colcon_core.environment:create_file_with_runtime_dependencies(/home/seunghoon/Documents/BYJ-hexsen/ros2_ws/install/writer/share/colcon-core/packages/writer)
[4.820s] DEBUG:colcon.colcon_parallel_executor.executor.parallel:closing loop
[4.821s] DEBUG:colcon.colcon_parallel_executor.executor.parallel:loop closed
[4.821s] DEBUG:colcon.colcon_parallel_executor.executor.parallel:run_until_complete finished with '2'
[4.821s] DEBUG:colcon.colcon_core.event_reactor:joining thread
[4.821s] DEBUG:colcon.colcon_core.event_reactor:joined thread
[4.821s] INFO:colcon.colcon_core.shell:Creating prefix script '/home/seunghoon/Documents/BYJ-hexsen/ros2_ws/install/local_setup.ps1'
[4.822s] INFO:colcon.colcon_core.shell:Creating prefix util module '/home/seunghoon/Documents/BYJ-hexsen/ros2_ws/install/_local_setup_util_ps1.py'
[4.823s] INFO:colcon.colcon_core.shell:Creating prefix chain script '/home/seunghoon/Documents/BYJ-hexsen/ros2_ws/install/setup.ps1'
[4.823s] INFO:colcon.colcon_core.shell:Creating prefix script '/home/seunghoon/Documents/BYJ-hexsen/ros2_ws/install/local_setup.sh'
[4.824s] INFO:colcon.colcon_core.shell:Creating prefix util module '/home/seunghoon/Documents/BYJ-hexsen/ros2_ws/install/_local_setup_util_sh.py'
[4.824s] INFO:colcon.colcon_core.shell:Creating prefix chain script '/home/seunghoon/Documents/BYJ-hexsen/ros2_ws/install/setup.sh'
[4.824s] INFO:colcon.colcon_core.shell:Creating prefix script '/home/seunghoon/Documents/BYJ-hexsen/ros2_ws/install/local_setup.bash'
[4.825s] INFO:colcon.colcon_core.shell:Creating prefix chain script '/home/seunghoon/Documents/BYJ-hexsen/ros2_ws/install/setup.bash'
[4.825s] INFO:colcon.colcon_core.shell:Creating prefix script '/home/seunghoon/Documents/BYJ-hexsen/ros2_ws/install/local_setup.zsh'
[4.825s] INFO:colcon.colcon_core.shell:Creating prefix chain script '/home/seunghoon/Documents/BYJ-hexsen/ros2_ws/install/setup.zsh'
