[35m[1mConsolidate compiler generated dependencies of target writer_imu[0m
[ 20%] Built target writer_v4
[ 30%] [32mBuilding CXX object CMakeFiles/writer_imu.dir/src/writer_imu.cpp.o[0m
[ 50%] Built target writer_sensor
[ 70%] Built target ur_rtde_r
[ 90%] Built target ur_rtde_node
[100%] [32m[1mLinking CXX executable writer_imu[0m
[100%] Built target writer_imu
-- Install configuration: ""
-- Up-to-date: /home/seunghoon/Documents/BYJ-hexsen/ros2_ws/install/writer/lib/writer/ur_rtde_node
-- Up-to-date: /home/seunghoon/Documents/BYJ-hexsen/ros2_ws/install/writer/lib/writer/ur_rtde_r
-- Up-to-date: /home/seunghoon/Documents/BYJ-hexsen/ros2_ws/install/writer/lib/writer/writer_v4
-- Up-to-date: /home/seunghoon/Documents/BYJ-hexsen/ros2_ws/install/writer/lib/writer/writer_sensor
-- Installing: /home/seunghoon/Documents/BYJ-hexsen/ros2_ws/install/writer/lib/writer/writer_imu
-- Set runtime path of "/home/seunghoon/Documents/BYJ-hexsen/ros2_ws/install/writer/lib/writer/writer_imu" to ""
-- Up-to-date: /home/seunghoon/Documents/BYJ-hexsen/ros2_ws/install/writer/share/ament_index/resource_index/package_run_dependencies/writer
-- Installing: /home/seunghoon/Documents/BYJ-hexsen/ros2_ws/install/writer/share/ament_index/resource_index/parent_prefix_path/writer
-- Up-to-date: /home/seunghoon/Documents/BYJ-hexsen/ros2_ws/install/writer/share/writer/environment/ament_prefix_path.sh
-- Installing: /home/seunghoon/Documents/BYJ-hexsen/ros2_ws/install/writer/share/writer/environment/ament_prefix_path.dsv
-- Up-to-date: /home/seunghoon/Documents/BYJ-hexsen/ros2_ws/install/writer/share/writer/environment/path.sh
-- Installing: /home/seunghoon/Documents/BYJ-hexsen/ros2_ws/install/writer/share/writer/environment/path.dsv
-- Up-to-date: /home/seunghoon/Documents/BYJ-hexsen/ros2_ws/install/writer/share/writer/local_setup.bash
-- Up-to-date: /home/seunghoon/Documents/BYJ-hexsen/ros2_ws/install/writer/share/writer/local_setup.sh
-- Up-to-date: /home/seunghoon/Documents/BYJ-hexsen/ros2_ws/install/writer/share/writer/local_setup.zsh
-- Installing: /home/seunghoon/Documents/BYJ-hexsen/ros2_ws/install/writer/share/writer/local_setup.dsv
-- Installing: /home/seunghoon/Documents/BYJ-hexsen/ros2_ws/install/writer/share/writer/package.dsv
-- Up-to-date: /home/seunghoon/Documents/BYJ-hexsen/ros2_ws/install/writer/share/ament_index/resource_index/packages/writer
-- Up-to-date: /home/seunghoon/Documents/BYJ-hexsen/ros2_ws/install/writer/share/writer/cmake/writerConfig.cmake
-- Up-to-date: /home/seunghoon/Documents/BYJ-hexsen/ros2_ws/install/writer/share/writer/cmake/writerConfig-version.cmake
-- Up-to-date: /home/seunghoon/Documents/BYJ-hexsen/ros2_ws/install/writer/share/writer/package.xml
