[0.113s] Invoking command in '/home/seunghoon/Documents/BYJ-hexsen/ros2_ws/build/sensorcpp': CMAKE_PREFIX_PATH=${CMAKE_PREFIX_PATH}:/home/seunghoon/Documents/BYJ-hexsen/ros2_ws/install/sensor:/opt/ros/humble /usr/bin/cmake --build /home/seunghoon/Documents/BYJ-hexsen/ros2_ws/build/sensorcpp -- -j24 -l24
[0.130s] -- Found ament_cmake: 1.3.14 (/opt/ros/humble/share/ament_cmake/cmake)
[0.214s] -- Found rclcpp: 16.0.19 (/opt/ros/humble/share/rclcpp/cmake)
[0.232s] -- Found rosidl_generator_c: 3.1.8 (/opt/ros/humble/share/rosidl_generator_c/cmake)
[0.234s] -- Found rosidl_adapter: 3.1.8 (/opt/ros/humble/share/rosidl_adapter/cmake)
[0.238s] -- Found rosidl_generator_cpp: 3.1.8 (/opt/ros/humble/share/rosidl_generator_cpp/cmake)
[0.248s] -- Using all available rosidl_typesupport_c: rosidl_typesupport_fastrtps_c;rosidl_typesupport_introspection_c
[0.256s] -- Using all available rosidl_typesupport_cpp: rosidl_typesupport_fastrtps_cpp;rosidl_typesupport_introspection_cpp
[0.278s] -- Found rmw_implementation_cmake: 6.1.2 (/opt/ros/humble/share/rmw_implementation_cmake/cmake)
[0.279s] -- Found rmw_fastrtps_cpp: 6.2.10 (/opt/ros/humble/share/rmw_fastrtps_cpp/cmake)
[0.335s] -- Using RMW implementation 'rmw_fastrtps_cpp' as default
[0.364s] -- Found ament_lint_auto: 0.12.15 (/opt/ros/humble/share/ament_lint_auto/cmake)
[0.399s] -- Added test 'cppcheck' to perform static code analysis on C / C++ code
[0.399s] -- Configured cppcheck include dirs: $<BUILD_INTERFACE:/home/seunghoon/Documents/BYJ-hexsen/ros2_ws/src/sensorcpp/include>
[0.399s] -- Configured cppcheck exclude dirs and/or files: 
[0.400s] -- Added test 'lint_cmake' to check CMake code style
[0.400s] -- Added test 'uncrustify' to check C / C++ code style
[0.400s] -- Configured uncrustify additional arguments: 
[0.400s] -- Added test 'xmllint' to check XML markup files
[0.401s] -- Configuring done
[0.406s] -- Generating done
[0.407s] -- Build files have been written to: /home/seunghoon/Documents/BYJ-hexsen/ros2_ws/build/sensorcpp
[0.425s] [35m[1mConsolidate compiler generated dependencies of target imu_pub[0m
[0.447s] [ 33%] [32mBuilding CXX object CMakeFiles/imu_pub.dir/src/main.cpp.o[0m
[0.448s] [ 66%] [32mBuilding CXX object CMakeFiles/imu_pub.dir/src/serial.cpp.o[0m
[0.625s] [01m[K/home/seunghoon/Documents/BYJ-hexsen/ros2_ws/src/sensorcpp/src/serial.cpp:[m[K In member function ‘[01m[Kint sensorcpp::serial::serialReadLine(unsigned int, uint8_t*)[m[K’:
[0.625s] [01m[K/home/seunghoon/Documents/BYJ-hexsen/ros2_ws/src/sensorcpp/src/serial.cpp:141:27:[m[K [01;35m[Kwarning: [m[Kcomparison of integer expressions of different signedness: ‘[01m[Kint[m[K’ and ‘[01m[Kunsigned int[m[K’ [[01;35m[K]8;;https://gcc.gnu.org/onlinedocs/gcc/Warning-Options.html#index-Wsign-compare-Wsign-compare]8;;[m[K]
[0.625s]   141 |         for (int i = 0; [01;35m[Ki < limit[m[K; i++)
[0.626s]       |                         [01;35m[K~~^~~~~~~[m[K
[0.626s] [01m[K/home/seunghoon/Documents/BYJ-hexsen/ros2_ws/src/sensorcpp/src/serial.cpp:[m[K In member function ‘[01m[Kint sensorcpp::serial::readIMU()[m[K’:
[0.626s] [01m[K/home/seunghoon/Documents/BYJ-hexsen/ros2_ws/src/sensorcpp/src/serial.cpp:155:17:[m[K [01;35m[Kwarning: [m[Kunused variable ‘[01m[KtrimData[m[K’ [[01;35m[K]8;;https://gcc.gnu.org/onlinedocs/gcc/Warning-Options.html#index-Wunused-variable-Wunused-variable]8;;[m[K]
[0.626s]   155 |         uint8_t [01;35m[KtrimData[m[K[255];
[0.626s]       |                 [01;35m[K^~~~~~~~[m[K
[1.450s] [01m[K/home/seunghoon/Documents/BYJ-hexsen/ros2_ws/src/sensorcpp/src/main.cpp:53:21:[m[K [01;31m[Kerror: [m[K‘[01m[Ksensor_msgs[m[K’ was not declared in this scope
[1.451s]    53 | ::Publisher<[01;31m[Ksensor_msgs[m[K::msg::Imu>::SharedPtr imu_publisher_;
[1.451s]       |             [01;31m[K^~~~~~~~~~~[m[K
[1.451s] 
[1.451s] [01m[K/home/seunghoon/Documents/BYJ-hexsen/ros2_ws/src/sensorcpp/src/main.cpp:53:42:[m[K [01;31m[Kerror: [m[Ktemplate argument 1 is invalid
[1.451s]    53 | gs::msg::Imu[01;31m[K>[m[K::SharedPtr imu_publisher_;
[1.451s]       |             [01;31m[K^[m[K
[1.451s] 
[1.451s] [01m[K/home/seunghoon/Documents/BYJ-hexsen/ros2_ws/src/sensorcpp/src/main.cpp:53:45:[m[K [01;31m[Kerror: [m[Kexpected ‘[01m[K;[m[K’ at end of member declaration
[1.451s]    53 | :msg::Imu>::[01;31m[KSharedPtr[m[K imu_publisher_;
[1.451s]       |             [01;31m[K^~~~~~~~~[m[K
[1.451s]       |                      [32m[K;[m[K
[1.451s] [01m[K/home/seunghoon/Documents/BYJ-hexsen/ros2_ws/src/sensorcpp/src/main.cpp:53:55:[m[K [01;31m[Kerror: [m[K‘[01m[Kimu_publisher_[m[K’ does not name a type; did you mean ‘[01m[Krmw_publisher_t[m[K’?
[1.451s]    53 | ::SharedPtr [01;31m[Kimu_publisher_[m[K;
[1.451s]       |             [01;31m[K^~~~~~~~~~~~~~[m[K
[1.451s]       |             [32m[Krmw_publisher_t[m[K
[1.454s] [01m[K/home/seunghoon/Documents/BYJ-hexsen/ros2_ws/src/sensorcpp/src/main.cpp:[m[K In constructor ‘[01m[KIMUPublisher::IMUPublisher()[m[K’:
[1.455s] [01m[K/home/seunghoon/Documents/BYJ-hexsen/ros2_ws/src/sensorcpp/src/main.cpp:17:5:[m[K [01;31m[Kerror: [m[K‘[01m[Kimu_publisher_[m[K’ was not declared in this scope; did you mean ‘[01m[Krmw_publisher_t[m[K’?
[1.455s]    17 |     [01;31m[Kimu_publisher_[m[K = this->create_publisher<std_msgs::msg::Float32MultiArray>("imu_data", 10);
[1.455s]       |     [01;31m[K^~~~~~~~~~~~~~[m[K
[1.455s]       |     [32m[Krmw_publisher_t[m[K
[1.464s] [01m[K/home/seunghoon/Documents/BYJ-hexsen/ros2_ws/src/sensorcpp/src/main.cpp:[m[K In member function ‘[01m[Kvoid IMUPublisher::publishIMUData()[m[K’:
[1.464s] [01m[K/home/seunghoon/Documents/BYJ-hexsen/ros2_ws/src/sensorcpp/src/main.cpp:46:5:[m[K [01;31m[Kerror: [m[K‘[01m[Kimu_publisher_[m[K’ was not declared in this scope; did you mean ‘[01m[Krmw_publisher_t[m[K’?
[1.464s]    46 |     [01;31m[Kimu_publisher_[m[K->publish(message);
[1.464s]       |     [01;31m[K^~~~~~~~~~~~~~[m[K
[1.464s]       |     [32m[Krmw_publisher_t[m[K
[1.782s] gmake[2]: *** [CMakeFiles/imu_pub.dir/build.make:76: CMakeFiles/imu_pub.dir/src/main.cpp.o] Error 1
[1.782s] gmake[1]: *** [CMakeFiles/Makefile2:137: CMakeFiles/imu_pub.dir/all] Error 2
[1.782s] gmake: *** [Makefile:146: all] Error 2
[1.784s] Invoked command in '/home/seunghoon/Documents/BYJ-hexsen/ros2_ws/build/sensorcpp' returned '2': CMAKE_PREFIX_PATH=${CMAKE_PREFIX_PATH}:/home/seunghoon/Documents/BYJ-hexsen/ros2_ws/install/sensor:/opt/ros/humble /usr/bin/cmake --build /home/seunghoon/Documents/BYJ-hexsen/ros2_ws/build/sensorcpp -- -j24 -l24
