[0.114s] Invoking command in '/home/seunghoon/Documents/BYJ-hexsen/ros2_ws/build/writer': CMAKE_PREFIX_PATH=${CMAKE_PREFIX_PATH}:/home/seunghoon/Documents/BYJ-hexsen/ros2_ws/install/sensor:/opt/ros/humble /usr/bin/cmake --build /home/seunghoon/Documents/BYJ-hexsen/ros2_ws/build/writer -- -j24 -l24
[0.144s] [ 25%] Built target ur_rtde_r
[0.145s] [ 50%] Built target writer_sensor
[0.147s] [ 75%] Built target writer_v4
[0.151s] [100%] Built target ur_rtde_node
[0.158s] Invoked command in '/home/seunghoon/Documents/BYJ-hexsen/ros2_ws/build/writer' returned '0': CMAKE_PREFIX_PATH=${CMAKE_PREFIX_PATH}:/home/seunghoon/Documents/BYJ-hexsen/ros2_ws/install/sensor:/opt/ros/humble /usr/bin/cmake --build /home/seunghoon/Documents/BYJ-hexsen/ros2_ws/build/writer -- -j24 -l24
[0.163s] Invoking command in '/home/seunghoon/Documents/BYJ-hexsen/ros2_ws/build/writer': CMAKE_PREFIX_PATH=${CMAKE_PREFIX_PATH}:/home/seunghoon/Documents/BYJ-hexsen/ros2_ws/install/sensor:/opt/ros/humble /usr/bin/cmake --install /home/seunghoon/Documents/BYJ-hexsen/ros2_ws/build/writer
[0.168s] -- Install configuration: ""
[0.168s] -- Up-to-date: /home/seunghoon/Documents/BYJ-hexsen/ros2_ws/install/writer/lib/writer/ur_rtde_node
[0.168s] -- Up-to-date: /home/seunghoon/Documents/BYJ-hexsen/ros2_ws/install/writer/lib/writer/ur_rtde_r
[0.169s] -- Up-to-date: /home/seunghoon/Documents/BYJ-hexsen/ros2_ws/install/writer/lib/writer/writer_v4
[0.169s] -- Up-to-date: /home/seunghoon/Documents/BYJ-hexsen/ros2_ws/install/writer/lib/writer/writer_sensor
[0.169s] -- Up-to-date: /home/seunghoon/Documents/BYJ-hexsen/ros2_ws/install/writer/share/ament_index/resource_index/package_run_dependencies/writer
[0.169s] -- Up-to-date: /home/seunghoon/Documents/BYJ-hexsen/ros2_ws/install/writer/share/ament_index/resource_index/parent_prefix_path/writer
[0.169s] -- Up-to-date: /home/seunghoon/Documents/BYJ-hexsen/ros2_ws/install/writer/share/writer/environment/ament_prefix_path.sh
[0.169s] -- Up-to-date: /home/seunghoon/Documents/BYJ-hexsen/ros2_ws/install/writer/share/writer/environment/ament_prefix_path.dsv
[0.169s] -- Up-to-date: /home/seunghoon/Documents/BYJ-hexsen/ros2_ws/install/writer/share/writer/environment/path.sh
[0.169s] -- Up-to-date: /home/seunghoon/Documents/BYJ-hexsen/ros2_ws/install/writer/share/writer/environment/path.dsv
[0.169s] -- Up-to-date: /home/seunghoon/Documents/BYJ-hexsen/ros2_ws/install/writer/share/writer/local_setup.bash
[0.169s] -- Up-to-date: /home/seunghoon/Documents/BYJ-hexsen/ros2_ws/install/writer/share/writer/local_setup.sh
[0.169s] -- Up-to-date: /home/seunghoon/Documents/BYJ-hexsen/ros2_ws/install/writer/share/writer/local_setup.zsh
[0.169s] -- Up-to-date: /home/seunghoon/Documents/BYJ-hexsen/ros2_ws/install/writer/share/writer/local_setup.dsv
[0.169s] -- Installing: /home/seunghoon/Documents/BYJ-hexsen/ros2_ws/install/writer/share/writer/package.dsv
[0.169s] -- Up-to-date: /home/seunghoon/Documents/BYJ-hexsen/ros2_ws/install/writer/share/ament_index/resource_index/packages/writer
[0.169s] -- Up-to-date: /home/seunghoon/Documents/BYJ-hexsen/ros2_ws/install/writer/share/writer/cmake/writerConfig.cmake
[0.169s] -- Up-to-date: /home/seunghoon/Documents/BYJ-hexsen/ros2_ws/install/writer/share/writer/cmake/writerConfig-version.cmake
[0.169s] -- Up-to-date: /home/seunghoon/Documents/BYJ-hexsen/ros2_ws/install/writer/share/writer/package.xml
[0.170s] Invoked command in '/home/seunghoon/Documents/BYJ-hexsen/ros2_ws/build/writer' returned '0': CMAKE_PREFIX_PATH=${CMAKE_PREFIX_PATH}:/home/seunghoon/Documents/BYJ-hexsen/ros2_ws/install/sensor:/opt/ros/humble /usr/bin/cmake --install /home/seunghoon/Documents/BYJ-hexsen/ros2_ws/build/writer
