[0.108s] Invoking command in '/home/seunghoon/Documents/BYJ-hexsen/ros2_ws/build/sensorcpp': CMAKE_PREFIX_PATH=${CMAKE_PREFIX_PATH}:/home/seunghoon/Documents/BYJ-hexsen/ros2_ws/install/sensor:/opt/ros/humble /usr/bin/cmake --build /home/seunghoon/Documents/BYJ-hexsen/ros2_ws/build/sensorcpp -- -j24 -l24
[0.138s] [35m[1mConsolidate compiler generated dependencies of target imu_pub[0m
[0.150s] [ 33%] [32mBuilding CXX object CMakeFiles/imu_pub.dir/src/main.cpp.o[0m
[2.121s] [ 66%] [32m[1mLinking CXX executable imu_pub[0m
[2.213s] [100%] Built target imu_pub
[2.220s] Invoked command in '/home/seunghoon/Documents/BYJ-hexsen/ros2_ws/build/sensorcpp' returned '0': CMAKE_PREFIX_PATH=${CMAKE_PREFIX_PATH}:/home/seunghoon/Documents/BYJ-hexsen/ros2_ws/install/sensor:/opt/ros/humble /usr/bin/cmake --build /home/seunghoon/Documents/BYJ-hexsen/ros2_ws/build/sensorcpp -- -j24 -l24
[2.228s] Invoking command in '/home/seunghoon/Documents/BYJ-hexsen/ros2_ws/build/sensorcpp': CMAKE_PREFIX_PATH=${CMAKE_PREFIX_PATH}:/home/seunghoon/Documents/BYJ-hexsen/ros2_ws/install/sensor:/opt/ros/humble /usr/bin/cmake --install /home/seunghoon/Documents/BYJ-hexsen/ros2_ws/build/sensorcpp
[2.233s] -- Install configuration: ""
[2.233s] -- Installing: /home/seunghoon/Documents/BYJ-hexsen/ros2_ws/install/sensorcpp/lib/sensorcpp/imu_pub
[2.234s] -- Set runtime path of "/home/seunghoon/Documents/BYJ-hexsen/ros2_ws/install/sensorcpp/lib/sensorcpp/imu_pub" to ""
[2.234s] -- Up-to-date: /home/seunghoon/Documents/BYJ-hexsen/ros2_ws/install/sensorcpp/include
[2.234s] -- Up-to-date: /home/seunghoon/Documents/BYJ-hexsen/ros2_ws/install/sensorcpp/include/sensorcpp
[2.234s] -- Up-to-date: /home/seunghoon/Documents/BYJ-hexsen/ros2_ws/install/sensorcpp/include/sensorcpp/serial.hpp
[2.234s] -- Up-to-date: /home/seunghoon/Documents/BYJ-hexsen/ros2_ws/install/sensorcpp/share/ament_index/resource_index/package_run_dependencies/sensorcpp
[2.234s] -- Up-to-date: /home/seunghoon/Documents/BYJ-hexsen/ros2_ws/install/sensorcpp/share/ament_index/resource_index/parent_prefix_path/sensorcpp
[2.234s] -- Up-to-date: /home/seunghoon/Documents/BYJ-hexsen/ros2_ws/install/sensorcpp/share/sensorcpp/environment/ament_prefix_path.sh
[2.234s] -- Up-to-date: /home/seunghoon/Documents/BYJ-hexsen/ros2_ws/install/sensorcpp/share/sensorcpp/environment/ament_prefix_path.dsv
[2.234s] -- Up-to-date: /home/seunghoon/Documents/BYJ-hexsen/ros2_ws/install/sensorcpp/share/sensorcpp/environment/path.sh
[2.235s] -- Up-to-date: /home/seunghoon/Documents/BYJ-hexsen/ros2_ws/install/sensorcpp/share/sensorcpp/environment/path.dsv
[2.235s] -- Up-to-date: /home/seunghoon/Documents/BYJ-hexsen/ros2_ws/install/sensorcpp/share/sensorcpp/local_setup.bash
[2.235s] -- Up-to-date: /home/seunghoon/Documents/BYJ-hexsen/ros2_ws/install/sensorcpp/share/sensorcpp/local_setup.sh
[2.235s] -- Up-to-date: /home/seunghoon/Documents/BYJ-hexsen/ros2_ws/install/sensorcpp/share/sensorcpp/local_setup.zsh
[2.235s] -- Up-to-date: /home/seunghoon/Documents/BYJ-hexsen/ros2_ws/install/sensorcpp/share/sensorcpp/local_setup.dsv
[2.236s] -- Installing: /home/seunghoon/Documents/BYJ-hexsen/ros2_ws/install/sensorcpp/share/sensorcpp/package.dsv
[2.236s] -- Up-to-date: /home/seunghoon/Documents/BYJ-hexsen/ros2_ws/install/sensorcpp/share/ament_index/resource_index/packages/sensorcpp
[2.236s] -- Up-to-date: /home/seunghoon/Documents/BYJ-hexsen/ros2_ws/install/sensorcpp/share/sensorcpp/cmake/sensorcppConfig.cmake
[2.236s] -- Up-to-date: /home/seunghoon/Documents/BYJ-hexsen/ros2_ws/install/sensorcpp/share/sensorcpp/cmake/sensorcppConfig-version.cmake
[2.236s] -- Up-to-date: /home/seunghoon/Documents/BYJ-hexsen/ros2_ws/install/sensorcpp/share/sensorcpp/package.xml
[2.236s] Invoked command in '/home/seunghoon/Documents/BYJ-hexsen/ros2_ws/build/sensorcpp' returned '0': CMAKE_PREFIX_PATH=${CMAKE_PREFIX_PATH}:/home/seunghoon/Documents/BYJ-hexsen/ros2_ws/install/sensor:/opt/ros/humble /usr/bin/cmake --install /home/seunghoon/Documents/BYJ-hexsen/ros2_ws/build/sensorcpp
