-- Found ament_cmake: 1.3.14 (/opt/ros/humble/share/ament_cmake/cmake)
-- Found rclcpp: 16.0.19 (/opt/ros/humble/share/rclcpp/cmake)
-- Found rosidl_generator_c: 3.1.8 (/opt/ros/humble/share/rosidl_generator_c/cmake)
-- Found rosidl_adapter: 3.1.8 (/opt/ros/humble/share/rosidl_adapter/cmake)
-- Found rosidl_generator_cpp: 3.1.8 (/opt/ros/humble/share/rosidl_generator_cpp/cmake)
-- Using all available rosidl_typesupport_c: rosidl_typesupport_fastrtps_c;rosidl_typesupport_introspection_c
-- Using all available rosidl_typesupport_cpp: rosidl_typesupport_fastrtps_cpp;rosidl_typesupport_introspection_cpp
-- Found rmw_implementation_cmake: 6.1.2 (/opt/ros/humble/share/rmw_implementation_cmake/cmake)
-- Found rmw_fastrtps_cpp: 6.2.10 (/opt/ros/humble/share/rmw_fastrtps_cpp/cmake)
-- Using RMW implementation 'rmw_fastrtps_cpp' as default
-- Found sensor_msgs: 4.9.1 (/opt/ros/humble/share/sensor_msgs/cmake)
-- Found tf2: 0.25.20 (/opt/ros/humble/share/tf2/cmake)
-- Found tf2_ros: 0.25.20 (/opt/ros/humble/share/tf2_ros/cmake)
-- Configuring done
-- Generating done
-- Build files have been written to: /home/seunghoon/Documents/BYJ-hexsen/ros2_ws/build/writer
[35m[1mConsolidate compiler generated dependencies of target writer_v4[0m
[35m[1mConsolidate compiler generated dependencies of target writer_sensor[0m
[35m[1mConsolidate compiler generated dependencies of target ur_rtde_r[0m
[35m[1mConsolidate compiler generated dependencies of target ur_rtde_node[0m
[ 10%] [32mBuilding CXX object CMakeFiles/writer_imu.dir/src/writer_imu.cpp.o[0m
[ 30%] Built target writer_v4
[ 50%] Built target writer_sensor
[ 70%] Built target ur_rtde_node
[ 90%] Built target ur_rtde_r
[01m[K/home/seunghoon/Documents/BYJ-hexsen/ros2_ws/src/writer/src/writer_imu.cpp:[m[K In constructor ‘[01m[KWriter::Writer()[m[K’:
[01m[K/home/seunghoon/Documents/BYJ-hexsen/ros2_ws/src/writer/src/writer_imu.cpp:46:5:[m[K [01;31m[Kerror: [m[K‘[01m[Ksubscription_imu[m[K’ was not declared in this scope; did you mean ‘[01m[Ksubscription_imu_[m[K’?
   46 |     [01;31m[Ksubscription_imu[m[K = this->create_subscription<std_msgs::msg::Float32MultiArray>(
      |     [01;31m[K^~~~~~~~~~~~~~~~[m[K
      |     [32m[Ksubscription_imu_[m[K
gmake[2]: *** [CMakeFiles/writer_imu.dir/build.make:76: CMakeFiles/writer_imu.dir/src/writer_imu.cpp.o] Error 1
gmake[1]: *** [CMakeFiles/Makefile2:249: CMakeFiles/writer_imu.dir/all] Error 2
gmake: *** [Makefile:146: all] Error 2
