[0.109s] Invoking command in '/home/seunghoon/Documents/BYJ-hexsen/ros2_ws/build/writer': CMAKE_PREFIX_PATH=${CMAKE_PREFIX_PATH}:/home/seunghoon/Documents/BYJ-hexsen/ros2_ws/install/sensor:/opt/ros/humble /usr/bin/cmake --build /home/seunghoon/Documents/BYJ-hexsen/ros2_ws/build/writer -- -j24 -l24
[0.124s] -- Found ament_cmake: 1.3.14 (/opt/ros/humble/share/ament_cmake/cmake)
[0.187s] -- Found rclcpp: 16.0.19 (/opt/ros/humble/share/rclcpp/cmake)
[0.200s] -- Found rosidl_generator_c: 3.1.8 (/opt/ros/humble/share/rosidl_generator_c/cmake)
[0.201s] -- Found rosidl_adapter: 3.1.8 (/opt/ros/humble/share/rosidl_adapter/cmake)
[0.204s] -- Found rosidl_generator_cpp: 3.1.8 (/opt/ros/humble/share/rosidl_generator_cpp/cmake)
[0.208s] -- Using all available rosidl_typesupport_c: rosidl_typesupport_fastrtps_c;rosidl_typesupport_introspection_c
[0.214s] -- Using all available rosidl_typesupport_cpp: rosidl_typesupport_fastrtps_cpp;rosidl_typesupport_introspection_cpp
[0.228s] -- Found rmw_implementation_cmake: 6.1.2 (/opt/ros/humble/share/rmw_implementation_cmake/cmake)
[0.229s] -- Found rmw_fastrtps_cpp: 6.2.10 (/opt/ros/humble/share/rmw_fastrtps_cpp/cmake)
[0.279s] -- Using RMW implementation 'rmw_fastrtps_cpp' as default
[0.303s] -- Found sensor_msgs: 4.9.1 (/opt/ros/humble/share/sensor_msgs/cmake)
[0.327s] -- Found tf2: 0.25.20 (/opt/ros/humble/share/tf2/cmake)
[0.329s] -- Found tf2_ros: 0.25.20 (/opt/ros/humble/share/tf2_ros/cmake)
[0.407s] -- Configuring done
[0.417s] -- Generating done
[0.420s] -- Build files have been written to: /home/seunghoon/Documents/BYJ-hexsen/ros2_ws/build/writer
[0.436s] [35m[1mConsolidate compiler generated dependencies of target writer_v4[0m
[0.437s] [35m[1mConsolidate compiler generated dependencies of target writer_sensor[0m
[0.438s] [35m[1mConsolidate compiler generated dependencies of target ur_rtde_r[0m
[0.438s] [35m[1mConsolidate compiler generated dependencies of target ur_rtde_node[0m
[0.442s] [ 10%] [32mBuilding CXX object CMakeFiles/writer_imu.dir/src/writer_imu.cpp.o[0m
[0.447s] [ 30%] Built target writer_v4
[0.447s] [ 50%] Built target writer_sensor
[0.448s] [ 70%] Built target ur_rtde_node
[0.453s] [ 90%] Built target ur_rtde_r
[1.477s] [01m[K/home/seunghoon/Documents/BYJ-hexsen/ros2_ws/src/writer/src/writer_imu.cpp:[m[K In constructor ‘[01m[KWriter::Writer()[m[K’:
[1.477s] [01m[K/home/seunghoon/Documents/BYJ-hexsen/ros2_ws/src/writer/src/writer_imu.cpp:46:5:[m[K [01;31m[Kerror: [m[K‘[01m[Ksubscription_imu[m[K’ was not declared in this scope; did you mean ‘[01m[Ksubscription_imu_[m[K’?
[1.477s]    46 |     [01;31m[Ksubscription_imu[m[K = this->create_subscription<std_msgs::msg::Float32MultiArray>(
[1.477s]       |     [01;31m[K^~~~~~~~~~~~~~~~[m[K
[1.477s]       |     [32m[Ksubscription_imu_[m[K
[2.500s] gmake[2]: *** [CMakeFiles/writer_imu.dir/build.make:76: CMakeFiles/writer_imu.dir/src/writer_imu.cpp.o] Error 1
[2.500s] gmake[1]: *** [CMakeFiles/Makefile2:249: CMakeFiles/writer_imu.dir/all] Error 2
[2.500s] gmake: *** [Makefile:146: all] Error 2
[2.502s] Invoked command in '/home/seunghoon/Documents/BYJ-hexsen/ros2_ws/build/writer' returned '2': CMAKE_PREFIX_PATH=${CMAKE_PREFIX_PATH}:/home/seunghoon/Documents/BYJ-hexsen/ros2_ws/install/sensor:/opt/ros/humble /usr/bin/cmake --build /home/seunghoon/Documents/BYJ-hexsen/ros2_ws/build/writer -- -j24 -l24
