[01m[K/home/seunghoon/Documents/BYJ-hexsen/ros2_ws/src/sensorcpp/src/main.cpp:53:21:[m[K [01;31m[Kerror: [m[K‘[01m[Ksensor_msgs[m[K’ was not declared in this scope
   53 | ::Publisher<[01;31m[Ksensor_msgs[m[K::msg::Imu>::SharedPtr imu_publisher_;
      |             [01;31m[K^~~~~~~~~~~[m[K

[01m[K/home/seunghoon/Documents/BYJ-hexsen/ros2_ws/src/sensorcpp/src/main.cpp:53:42:[m[K [01;31m[Kerror: [m[Ktemplate argument 1 is invalid
   53 | gs::msg::Imu[01;31m[K>[m[K::SharedPtr imu_publisher_;
      |             [01;31m[K^[m[K

[01m[K/home/seunghoon/Documents/BYJ-hexsen/ros2_ws/src/sensorcpp/src/main.cpp:53:45:[m[K [01;31m[Kerror: [m[Kexpected ‘[01m[K;[m[K’ at end of member declaration
   53 | :msg::Imu>::[01;31m[KSharedPtr[m[K imu_publisher_;
      |             [01;31m[K^~~~~~~~~[m[K
      |                      [32m[K;[m[K
[01m[K/home/seunghoon/Documents/BYJ-hexsen/ros2_ws/src/sensorcpp/src/main.cpp:53:55:[m[K [01;31m[Kerror: [m[K‘[01m[Kimu_publisher_[m[K’ does not name a type; did you mean ‘[01m[Krmw_publisher_t[m[K’?
   53 | ::SharedPtr [01;31m[Kimu_publisher_[m[K;
      |             [01;31m[K^~~~~~~~~~~~~~[m[K
      |             [32m[Krmw_publisher_t[m[K
[01m[K/home/seunghoon/Documents/BYJ-hexsen/ros2_ws/src/sensorcpp/src/main.cpp:[m[K In constructor ‘[01m[KIMUPublisher::IMUPublisher()[m[K’:
[01m[K/home/seunghoon/Documents/BYJ-hexsen/ros2_ws/src/sensorcpp/src/main.cpp:17:5:[m[K [01;31m[Kerror: [m[K‘[01m[Kimu_publisher_[m[K’ was not declared in this scope; did you mean ‘[01m[Krmw_publisher_t[m[K’?
   17 |     [01;31m[Kimu_publisher_[m[K = this->create_publisher<std_msgs::msg::Float32MultiArray>("imu_data", 10);
      |     [01;31m[K^~~~~~~~~~~~~~[m[K
      |     [32m[Krmw_publisher_t[m[K
[01m[K/home/seunghoon/Documents/BYJ-hexsen/ros2_ws/src/sensorcpp/src/main.cpp:[m[K In member function ‘[01m[Kvoid IMUPublisher::publishIMUData()[m[K’:
[01m[K/home/seunghoon/Documents/BYJ-hexsen/ros2_ws/src/sensorcpp/src/main.cpp:46:5:[m[K [01;31m[Kerror: [m[K‘[01m[Kimu_publisher_[m[K’ was not declared in this scope; did you mean ‘[01m[Krmw_publisher_t[m[K’?
   46 |     [01;31m[Kimu_publisher_[m[K->publish(message);
      |     [01;31m[K^~~~~~~~~~~~~~[m[K
      |     [32m[Krmw_publisher_t[m[K
gmake[2]: *** [CMakeFiles/imu_pub.dir/build.make:76: CMakeFiles/imu_pub.dir/src/main.cpp.o] Error 1
gmake[1]: *** [CMakeFiles/Makefile2:137: CMakeFiles/imu_pub.dir/all] Error 2
gmake: *** [Makefile:146: all] Error 2
