[0.108s] Invoking command in '/home/seunghoon/Documents/BYJ-6axis/ros2_ws/build/writer': CMAKE_PREFIX_PATH=${CMAKE_PREFIX_PATH}:/home/seunghoon/Documents/BYJ-6axis/ros2_ws/install/sensor:/opt/ros/humble /usr/bin/cmake --build /home/seunghoon/Documents/BYJ-6axis/ros2_ws/build/writer -- -j24 -l24
[0.128s] -- Found ament_cmake: 1.3.14 (/opt/ros/humble/share/ament_cmake/cmake)
[0.196s] -- Found rclcpp: 16.0.19 (/opt/ros/humble/share/rclcpp/cmake)
[0.209s] -- Found rosidl_generator_c: 3.1.8 (/opt/ros/humble/share/rosidl_generator_c/cmake)
[0.210s] -- Found rosidl_adapter: 3.1.8 (/opt/ros/humble/share/rosidl_adapter/cmake)
[0.213s] -- Found rosidl_generator_cpp: 3.1.8 (/opt/ros/humble/share/rosidl_generator_cpp/cmake)
[0.217s] -- Using all available rosidl_typesupport_c: rosidl_typesupport_fastrtps_c;rosidl_typesupport_introspection_c
[0.223s] -- Using all available rosidl_typesupport_cpp: rosidl_typesupport_fastrtps_cpp;rosidl_typesupport_introspection_cpp
[0.238s] -- Found rmw_implementation_cmake: 6.1.2 (/opt/ros/humble/share/rmw_implementation_cmake/cmake)
[0.238s] -- Found rmw_fastrtps_cpp: 6.2.10 (/opt/ros/humble/share/rmw_fastrtps_cpp/cmake)
[0.286s] -- Using RMW implementation 'rmw_fastrtps_cpp' as default
[0.313s] -- Found tf2: 0.25.20 (/opt/ros/humble/share/tf2/cmake)
[0.320s] -- Found tf2_ros: 0.25.20 (/opt/ros/humble/share/tf2_ros/cmake)
[0.394s] -- Configuring done
[0.402s] -- Generating done
[0.405s] -- Build files have been written to: /home/seunghoon/Documents/BYJ-6axis/ros2_ws/build/writer
[0.425s] [35m[1mConsolidate compiler generated dependencies of target writer_sensor[0m
[0.425s] [35m[1mConsolidate compiler generated dependencies of target writer_v3[0m
[0.425s] [35m[1mConsolidate compiler generated dependencies of target ur_rtde_r[0m
[0.425s] [35m[1mConsolidate compiler generated dependencies of target ur_rtde_node[0m
[0.437s] [ 50%] Built target writer_v3
[0.437s] [ 50%] Built target writer_sensor
[0.438s] [ 62%] [32m[1mLinking CXX executable ur_rtde_r[0m
[0.442s] [ 87%] Built target ur_rtde_node
[0.516s] /usr/bin/ld: CMakeFiles/ur_rtde_r.dir/src/ur_rtde_r.cpp.o: in function `RTDEReceiveNode::publishTcpPose()':
[0.516s] ur_rtde_r.cpp:(.text._ZN15RTDEReceiveNode14publishTcpPoseEv[_ZN15RTDEReceiveNode14publishTcpPoseEv]+0x6e): undefined reference to `ur_rtde::RTDEReceiveInterface::getActualTCPPose()'
[0.516s] /usr/bin/ld: CMakeFiles/ur_rtde_r.dir/src/ur_rtde_r.cpp.o: in function `void __gnu_cxx::new_allocator<ur_rtde::RTDEReceiveInterface>::construct<ur_rtde::RTDEReceiveInterface, std::__cxx11::basic_string<char, std::char_traits<char>, std::allocator<char> > const&>(ur_rtde::RTDEReceiveInterface*, std::__cxx11::basic_string<char, std::char_traits<char>, std::allocator<char> > const&)':
[0.516s] ur_rtde_r.cpp:(.text._ZN9__gnu_cxx13new_allocatorIN7ur_rtde20RTDEReceiveInterfaceEE9constructIS2_JRKNSt7__cxx1112basic_stringIcSt11char_traitsIcESaIcEEEEEEvPT_DpOT0_[_ZN9__gnu_cxx13new_allocatorIN7ur_rtde20RTDEReceiveInterfaceEE9constructIS2_JRKNSt7__cxx1112basic_stringIcSt11char_traitsIcESaIcEEEEEEvPT_DpOT0_]+0xb9): undefined reference to `ur_rtde::RTDEReceiveInterface::RTDEReceiveInterface(std::__cxx11::basic_string<char, std::char_traits<char>, std::allocator<char> >, double, std::vector<std::__cxx11::basic_string<char, std::char_traits<char>, std::allocator<char> >, std::allocator<std::__cxx11::basic_string<char, std::char_traits<char>, std::allocator<char> > > >, bool, bool, int)'
[0.523s] collect2: error: ld returned 1 exit status
[0.524s] gmake[2]: *** [CMakeFiles/ur_rtde_r.dir/build.make:159: ur_rtde_r] Error 1
[0.524s] gmake[1]: *** [CMakeFiles/Makefile2:169: CMakeFiles/ur_rtde_r.dir/all] Error 2
[0.524s] gmake: *** [Makefile:146: all] Error 2
[0.525s] Invoked command in '/home/seunghoon/Documents/BYJ-6axis/ros2_ws/build/writer' returned '2': CMAKE_PREFIX_PATH=${CMAKE_PREFIX_PATH}:/home/seunghoon/Documents/BYJ-6axis/ros2_ws/install/sensor:/opt/ros/humble /usr/bin/cmake --build /home/seunghoon/Documents/BYJ-6axis/ros2_ws/build/writer -- -j24 -l24
