[0.244s] Invoking command in '/home/seunghoon/Documents/BYJ-hexsen/ros2_ws/src/sensor': PYTHONPATH=/home/seunghoon/Documents/BYJ-hexsen/ros2_ws/build/sensor/prefix_override:/usr/lib/python3/dist-packages/colcon_core/task/python/colcon_distutils_commands:/home/seunghoon/Documents/BYJ-hexsen/ros2_ws/install/sensor/lib/python3.10/site-packages: /usr/bin/python3 -W ignore:setup.py install is deprecated -W ignore:easy_install command is deprecated setup.py egg_info --egg-base ../../build/sensor build --build-base /home/seunghoon/Documents/BYJ-hexsen/ros2_ws/build/sensor/build install --record /home/seunghoon/Documents/BYJ-hexsen/ros2_ws/build/sensor/install.log --single-version-externally-managed install_data
[0.321s] running egg_info
[0.321s] writing ../../build/sensor/sensor.egg-info/PKG-INFO
[0.321s] writing dependency_links to ../../build/sensor/sensor.egg-info/dependency_links.txt
[0.322s] writing entry points to ../../build/sensor/sensor.egg-info/entry_points.txt
[0.322s] writing requirements to ../../build/sensor/sensor.egg-info/requires.txt
[0.322s] writing top-level names to ../../build/sensor/sensor.egg-info/top_level.txt
[0.322s] reading manifest file '../../build/sensor/sensor.egg-info/SOURCES.txt'
[0.323s] writing manifest file '../../build/sensor/sensor.egg-info/SOURCES.txt'
[0.323s] running build
[0.323s] running build_py
[0.323s] running install
[0.323s] running install_lib
[0.323s] running install_data
[0.323s] running install_egg_info
[0.324s] removing '/home/seunghoon/Documents/BYJ-hexsen/ros2_ws/install/sensor/lib/python3.10/site-packages/sensor-0.0.1-py3.10.egg-info' (and everything under it)
[0.324s] Copying ../../build/sensor/sensor.egg-info to /home/seunghoon/Documents/BYJ-hexsen/ros2_ws/install/sensor/lib/python3.10/site-packages/sensor-0.0.1-py3.10.egg-info
[0.324s] running install_scripts
[0.334s] Installing sensor_hex script to /home/seunghoon/Documents/BYJ-hexsen/ros2_ws/install/sensor/lib/sensor
[0.334s] writing list of installed files to '/home/seunghoon/Documents/BYJ-hexsen/ros2_ws/build/sensor/install.log'
[0.343s] Invoked command in '/home/seunghoon/Documents/BYJ-hexsen/ros2_ws/src/sensor' returned '0': PYTHONPATH=/home/seunghoon/Documents/BYJ-hexsen/ros2_ws/build/sensor/prefix_override:/usr/lib/python3/dist-packages/colcon_core/task/python/colcon_distutils_commands:/home/seunghoon/Documents/BYJ-hexsen/ros2_ws/install/sensor/lib/python3.10/site-packages: /usr/bin/python3 -W ignore:setup.py install is deprecated -W ignore:easy_install command is deprecated setup.py egg_info --egg-base ../../build/sensor build --build-base /home/seunghoon/Documents/BYJ-hexsen/ros2_ws/build/sensor/build install --record /home/seunghoon/Documents/BYJ-hexsen/ros2_ws/build/sensor/install.log --single-version-externally-managed install_data
