[0.110s] Invoking command in '/home/seunghoon/Documents/BYJ-6axis/ros2_ws/build/writer': CMAKE_PREFIX_PATH=${CMAKE_PREFIX_PATH}:/home/seunghoon/Documents/BYJ-6axis/ros2_ws/install/sensor:/opt/ros/humble /usr/bin/cmake --build /home/seunghoon/Documents/BYJ-6axis/ros2_ws/build/writer -- -j24 -l24
[0.123s] -- Found ament_cmake: 1.3.14 (/opt/ros/humble/share/ament_cmake/cmake)
[0.197s] -- Found rclcpp: 16.0.19 (/opt/ros/humble/share/rclcpp/cmake)
[0.210s] -- Found rosidl_generator_c: 3.1.8 (/opt/ros/humble/share/rosidl_generator_c/cmake)
[0.211s] -- Found rosidl_adapter: 3.1.8 (/opt/ros/humble/share/rosidl_adapter/cmake)
[0.214s] -- Found rosidl_generator_cpp: 3.1.8 (/opt/ros/humble/share/rosidl_generator_cpp/cmake)
[0.219s] -- Using all available rosidl_typesupport_c: rosidl_typesupport_fastrtps_c;rosidl_typesupport_introspection_c
[0.224s] -- Using all available rosidl_typesupport_cpp: rosidl_typesupport_fastrtps_cpp;rosidl_typesupport_introspection_cpp
[0.239s] -- Found rmw_implementation_cmake: 6.1.2 (/opt/ros/humble/share/rmw_implementation_cmake/cmake)
[0.239s] -- Found rmw_fastrtps_cpp: 6.2.10 (/opt/ros/humble/share/rmw_fastrtps_cpp/cmake)
[0.297s] -- Using RMW implementation 'rmw_fastrtps_cpp' as default
[0.326s] -- Found tf2: 0.25.20 (/opt/ros/humble/share/tf2/cmake)
[0.334s] -- Found tf2_ros: 0.25.20 (/opt/ros/humble/share/tf2_ros/cmake)
[0.401s] -- Configuring done
[0.409s] -- Generating done
[0.413s] -- Build files have been written to: /home/seunghoon/Documents/BYJ-6axis/ros2_ws/build/writer
[0.428s] [35m[1mConsolidate compiler generated dependencies of target writer_v3[0m
[0.430s] [35m[1mConsolidate compiler generated dependencies of target writer_sensor[0m
[0.430s] [35m[1mConsolidate compiler generated dependencies of target ur_rtde_node[0m
[0.436s] [ 12%] [32mBuilding CXX object CMakeFiles/ur_rtde_r.dir/src/ur_rtde_r.cpp.o[0m
[0.439s] [ 37%] Built target writer_v3
[0.442s] [ 62%] Built target writer_sensor
[0.447s] [ 87%] Built target ur_rtde_node
[2.527s] [100%] [32m[1mLinking CXX executable ur_rtde_r[0m
[2.605s] /usr/bin/ld: CMakeFiles/ur_rtde_r.dir/src/ur_rtde_r.cpp.o: in function `RTDEReceiveNode::publishTcpPose()':
[2.605s] ur_rtde_r.cpp:(.text._ZN15RTDEReceiveNode14publishTcpPoseEv[_ZN15RTDEReceiveNode14publishTcpPoseEv]+0x6e): undefined reference to `ur_rtde::RTDEReceiveInterface::getActualTCPPose()'
[2.606s] /usr/bin/ld: CMakeFiles/ur_rtde_r.dir/src/ur_rtde_r.cpp.o: in function `void __gnu_cxx::new_allocator<ur_rtde::RTDEReceiveInterface>::construct<ur_rtde::RTDEReceiveInterface, std::__cxx11::basic_string<char, std::char_traits<char>, std::allocator<char> > const&>(ur_rtde::RTDEReceiveInterface*, std::__cxx11::basic_string<char, std::char_traits<char>, std::allocator<char> > const&)':
[2.606s] ur_rtde_r.cpp:(.text._ZN9__gnu_cxx13new_allocatorIN7ur_rtde20RTDEReceiveInterfaceEE9constructIS2_JRKNSt7__cxx1112basic_stringIcSt11char_traitsIcESaIcEEEEEEvPT_DpOT0_[_ZN9__gnu_cxx13new_allocatorIN7ur_rtde20RTDEReceiveInterfaceEE9constructIS2_JRKNSt7__cxx1112basic_stringIcSt11char_traitsIcESaIcEEEEEEvPT_DpOT0_]+0xb9): undefined reference to `ur_rtde::RTDEReceiveInterface::RTDEReceiveInterface(std::__cxx11::basic_string<char, std::char_traits<char>, std::allocator<char> >, double, std::vector<std::__cxx11::basic_string<char, std::char_traits<char>, std::allocator<char> >, std::allocator<std::__cxx11::basic_string<char, std::char_traits<char>, std::allocator<char> > > >, bool, bool, int)'
[2.612s] collect2: error: ld returned 1 exit status
[2.613s] gmake[2]: *** [CMakeFiles/ur_rtde_r.dir/build.make:159: ur_rtde_r] Error 1
[2.613s] gmake[1]: *** [CMakeFiles/Makefile2:169: CMakeFiles/ur_rtde_r.dir/all] Error 2
[2.614s] gmake: *** [Makefile:146: all] Error 2
[2.615s] Invoked command in '/home/seunghoon/Documents/BYJ-6axis/ros2_ws/build/writer' returned '2': CMAKE_PREFIX_PATH=${CMAKE_PREFIX_PATH}:/home/seunghoon/Documents/BYJ-6axis/ros2_ws/install/sensor:/opt/ros/humble /usr/bin/cmake --build /home/seunghoon/Documents/BYJ-6axis/ros2_ws/build/writer -- -j24 -l24
