[0.041s] DEBUG:colcon:Command line arguments: ['/usr/bin/colcon', 'build', '--packages-select', 'writer']
[0.042s] DEBUG:colcon:Parsed command line arguments: Namespace(log_base=None, log_level=None, verb_name='build', build_base='build', install_base='install', merge_install=False, symlink_install=False, test_result_base=None, continue_on_error=False, executor='parallel', parallel_workers=24, event_handlers=None, ignore_user_meta=False, metas=['./colcon.meta'], base_paths=['.'], packages_ignore=None, packages_ignore_regex=None, paths=None, packages_up_to=None, packages_up_to_regex=None, packages_above=None, packages_above_and_dependencies=None, packages_above_depth=None, packages_select_by_dep=None, packages_skip_by_dep=None, packages_skip_up_to=None, packages_select_build_failed=False, packages_skip_build_finished=False, packages_select_test_failures=False, packages_skip_test_passed=False, packages_select=['writer'], packages_skip=None, packages_select_regex=None, packages_skip_regex=None, packages_start=None, packages_end=None, allow_overriding=[], cmake_args=None, cmake_target=None, cmake_target_skip_unavailable=False, cmake_clean_cache=False, cmake_clean_first=False, cmake_force_configure=False, ament_cmake_args=None, catkin_cmake_args=None, catkin_skip_building_tests=False, verb_parser=<colcon_defaults.argument_parser.defaults.DefaultArgumentsDecorator object at 0x7117cebff010>, verb_extension=<colcon_core.verb.build.BuildVerb object at 0x7117ceb38520>, main=<bound method BuildVerb.main of <colcon_core.verb.build.BuildVerb object at 0x7117ceb38520>>)
[0.090s] Level 1:colcon.colcon_core.package_discovery:discover_packages(colcon_meta) check parameters
[0.090s] Level 1:colcon.colcon_core.package_discovery:discover_packages(recursive) check parameters
[0.090s] Level 1:colcon.colcon_core.package_discovery:discover_packages(ignore) check parameters
[0.090s] Level 1:colcon.colcon_core.package_discovery:discover_packages(path) check parameters
[0.090s] Level 1:colcon.colcon_core.package_discovery:discover_packages(colcon_meta) discover
[0.090s] Level 1:colcon.colcon_core.package_discovery:discover_packages(recursive) discover
[0.090s] INFO:colcon.colcon_core.package_discovery:Crawling recursively for packages in '/home/seunghoon/Documents/BYJ-6axis/ros2_ws'
[0.090s] Level 1:colcon.colcon_core.package_identification:_identify(.) by extensions ['ignore', 'ignore_ament_install']
[0.090s] Level 1:colcon.colcon_core.package_identification:_identify(.) by extension 'ignore'
[0.091s] Level 1:colcon.colcon_core.package_identification:_identify(.) by extension 'ignore_ament_install'
[0.091s] Level 1:colcon.colcon_core.package_identification:_identify(.) by extensions ['colcon_pkg']
[0.091s] Level 1:colcon.colcon_core.package_identification:_identify(.) by extension 'colcon_pkg'
[0.091s] Level 1:colcon.colcon_core.package_identification:_identify(.) by extensions ['colcon_meta']
[0.091s] Level 1:colcon.colcon_core.package_identification:_identify(.) by extension 'colcon_meta'
[0.091s] Level 1:colcon.colcon_core.package_identification:_identify(.) by extensions ['ros']
[0.091s] Level 1:colcon.colcon_core.package_identification:_identify(.) by extension 'ros'
[0.096s] Level 1:colcon.colcon_core.package_identification:_identify(.) by extensions ['cmake', 'python']
[0.096s] Level 1:colcon.colcon_core.package_identification:_identify(.) by extension 'cmake'
[0.096s] Level 1:colcon.colcon_core.package_identification:_identify(.) by extension 'python'
[0.096s] Level 1:colcon.colcon_core.package_identification:_identify(.) by extensions ['python_setup_py']
[0.096s] Level 1:colcon.colcon_core.package_identification:_identify(.) by extension 'python_setup_py'
[0.096s] Level 1:colcon.colcon_core.package_identification:_identify(build) by extensions ['ignore', 'ignore_ament_install']
[0.096s] Level 1:colcon.colcon_core.package_identification:_identify(build) by extension 'ignore'
[0.096s] Level 1:colcon.colcon_core.package_identification:_identify(build) ignored
[0.096s] Level 1:colcon.colcon_core.package_identification:_identify(install) by extensions ['ignore', 'ignore_ament_install']
[0.096s] Level 1:colcon.colcon_core.package_identification:_identify(install) by extension 'ignore'
[0.096s] Level 1:colcon.colcon_core.package_identification:_identify(install) ignored
[0.096s] Level 1:colcon.colcon_core.package_identification:_identify(log) by extensions ['ignore', 'ignore_ament_install']
[0.096s] Level 1:colcon.colcon_core.package_identification:_identify(log) by extension 'ignore'
[0.096s] Level 1:colcon.colcon_core.package_identification:_identify(log) ignored
[0.096s] Level 1:colcon.colcon_core.package_identification:_identify(src) by extensions ['ignore', 'ignore_ament_install']
[0.096s] Level 1:colcon.colcon_core.package_identification:_identify(src) by extension 'ignore'
[0.096s] Level 1:colcon.colcon_core.package_identification:_identify(src) by extension 'ignore_ament_install'
[0.096s] Level 1:colcon.colcon_core.package_identification:_identify(src) by extensions ['colcon_pkg']
[0.096s] Level 1:colcon.colcon_core.package_identification:_identify(src) by extension 'colcon_pkg'
[0.096s] Level 1:colcon.colcon_core.package_identification:_identify(src) by extensions ['colcon_meta']
[0.096s] Level 1:colcon.colcon_core.package_identification:_identify(src) by extension 'colcon_meta'
[0.096s] Level 1:colcon.colcon_core.package_identification:_identify(src) by extensions ['ros']
[0.096s] Level 1:colcon.colcon_core.package_identification:_identify(src) by extension 'ros'
[0.096s] Level 1:colcon.colcon_core.package_identification:_identify(src) by extensions ['cmake', 'python']
[0.096s] Level 1:colcon.colcon_core.package_identification:_identify(src) by extension 'cmake'
[0.096s] Level 1:colcon.colcon_core.package_identification:_identify(src) by extension 'python'
[0.096s] Level 1:colcon.colcon_core.package_identification:_identify(src) by extensions ['python_setup_py']
[0.096s] Level 1:colcon.colcon_core.package_identification:_identify(src) by extension 'python_setup_py'
[0.096s] Level 1:colcon.colcon_core.package_identification:_identify(src/sensor) by extensions ['ignore', 'ignore_ament_install']
[0.096s] Level 1:colcon.colcon_core.package_identification:_identify(src/sensor) by extension 'ignore'
[0.096s] Level 1:colcon.colcon_core.package_identification:_identify(src/sensor) by extension 'ignore_ament_install'
[0.096s] Level 1:colcon.colcon_core.package_identification:_identify(src/sensor) by extensions ['colcon_pkg']
[0.096s] Level 1:colcon.colcon_core.package_identification:_identify(src/sensor) by extension 'colcon_pkg'
[0.096s] Level 1:colcon.colcon_core.package_identification:_identify(src/sensor) by extensions ['colcon_meta']
[0.096s] Level 1:colcon.colcon_core.package_identification:_identify(src/sensor) by extension 'colcon_meta'
[0.096s] Level 1:colcon.colcon_core.package_identification:_identify(src/sensor) by extensions ['ros']
[0.096s] Level 1:colcon.colcon_core.package_identification:_identify(src/sensor) by extension 'ros'
[0.098s] DEBUG:colcon.colcon_core.package_identification:Package 'src/sensor' with type 'ros.ament_python' and name 'sensor'
[0.098s] Level 1:colcon.colcon_core.package_identification:_identify(src/writer) by extensions ['ignore', 'ignore_ament_install']
[0.098s] Level 1:colcon.colcon_core.package_identification:_identify(src/writer) by extension 'ignore'
[0.098s] Level 1:colcon.colcon_core.package_identification:_identify(src/writer) by extension 'ignore_ament_install'
[0.098s] Level 1:colcon.colcon_core.package_identification:_identify(src/writer) by extensions ['colcon_pkg']
[0.098s] Level 1:colcon.colcon_core.package_identification:_identify(src/writer) by extension 'colcon_pkg'
[0.098s] Level 1:colcon.colcon_core.package_identification:_identify(src/writer) by extensions ['colcon_meta']
[0.098s] Level 1:colcon.colcon_core.package_identification:_identify(src/writer) by extension 'colcon_meta'
[0.098s] Level 1:colcon.colcon_core.package_identification:_identify(src/writer) by extensions ['ros']
[0.098s] Level 1:colcon.colcon_core.package_identification:_identify(src/writer) by extension 'ros'
[0.098s] DEBUG:colcon.colcon_core.package_identification:Package 'src/writer' with type 'ros.ament_cmake' and name 'writer'
[0.098s] Level 1:colcon.colcon_core.package_discovery:discover_packages(recursive) using defaults
[0.098s] Level 1:colcon.colcon_core.package_discovery:discover_packages(ignore) discover
[0.098s] Level 1:colcon.colcon_core.package_discovery:discover_packages(ignore) using defaults
[0.098s] Level 1:colcon.colcon_core.package_discovery:discover_packages(path) discover
[0.098s] Level 1:colcon.colcon_core.package_discovery:discover_packages(path) using defaults
[0.107s] INFO:colcon.colcon_core.package_selection:Skipping not selected package 'sensor' in 'src/sensor'
[0.107s] Level 1:colcon.colcon_core.package_discovery:discover_packages(prefix_path) check parameters
[0.107s] Level 1:colcon.colcon_core.package_discovery:discover_packages(prefix_path) discover
[0.108s] Level 1:colcon.colcon_core.package_discovery:discover_packages(prefix_path) using defaults
[0.108s] Level 5:colcon.colcon_core.verb:set package 'writer' build argument 'cmake_args' from command line to 'None'
[0.108s] Level 5:colcon.colcon_core.verb:set package 'writer' build argument 'cmake_target' from command line to 'None'
[0.108s] Level 5:colcon.colcon_core.verb:set package 'writer' build argument 'cmake_target_skip_unavailable' from command line to 'False'
[0.108s] Level 5:colcon.colcon_core.verb:set package 'writer' build argument 'cmake_clean_cache' from command line to 'False'
[0.108s] Level 5:colcon.colcon_core.verb:set package 'writer' build argument 'cmake_clean_first' from command line to 'False'
[0.108s] Level 5:colcon.colcon_core.verb:set package 'writer' build argument 'cmake_force_configure' from command line to 'False'
[0.108s] Level 5:colcon.colcon_core.verb:set package 'writer' build argument 'ament_cmake_args' from command line to 'None'
[0.108s] Level 5:colcon.colcon_core.verb:set package 'writer' build argument 'catkin_cmake_args' from command line to 'None'
[0.108s] Level 5:colcon.colcon_core.verb:set package 'writer' build argument 'catkin_skip_building_tests' from command line to 'False'
[0.108s] DEBUG:colcon.colcon_core.verb:Building package 'writer' with the following arguments: {'ament_cmake_args': None, 'build_base': '/home/seunghoon/Documents/BYJ-6axis/ros2_ws/build/writer', 'catkin_cmake_args': None, 'catkin_skip_building_tests': False, 'cmake_args': None, 'cmake_clean_cache': False, 'cmake_clean_first': False, 'cmake_force_configure': False, 'cmake_target': None, 'cmake_target_skip_unavailable': False, 'install_base': '/home/seunghoon/Documents/BYJ-6axis/ros2_ws/install/writer', 'merge_install': False, 'path': '/home/seunghoon/Documents/BYJ-6axis/ros2_ws/src/writer', 'symlink_install': False, 'test_result_base': None}
[0.108s] INFO:colcon.colcon_core.executor:Executing jobs using 'parallel' executor
[0.109s] DEBUG:colcon.colcon_parallel_executor.executor.parallel:run_until_complete
[0.109s] INFO:colcon.colcon_ros.task.ament_cmake.build:Building ROS package in '/home/seunghoon/Documents/BYJ-6axis/ros2_ws/src/writer' with build type 'ament_cmake'
[0.109s] INFO:colcon.colcon_cmake.task.cmake.build:Building CMake package in '/home/seunghoon/Documents/BYJ-6axis/ros2_ws/src/writer'
[0.110s] INFO:colcon.colcon_core.plugin_system:Skipping extension 'colcon_core.shell.bat': Not used on non-Windows systems
[0.110s] INFO:colcon.colcon_core.shell:Skip shell extension 'powershell' for command environment: Not usable outside of PowerShell
[0.110s] DEBUG:colcon.colcon_core.shell:Skip shell extension 'dsv' for command environment
[0.114s] DEBUG:colcon.colcon_core.event_handler.log_command:Invoking command in '/home/seunghoon/Documents/BYJ-6axis/ros2_ws/build/writer': /usr/bin/cmake --build /home/seunghoon/Documents/BYJ-6axis/ros2_ws/build/writer -- -j24 -l24
[3.918s] DEBUG:colcon.colcon_core.event_handler.log_command:Invoked command in '/home/seunghoon/Documents/BYJ-6axis/ros2_ws/build/writer' returned '0': /usr/bin/cmake --build /home/seunghoon/Documents/BYJ-6axis/ros2_ws/build/writer -- -j24 -l24
[3.925s] DEBUG:colcon.colcon_core.event_handler.log_command:Invoking command in '/home/seunghoon/Documents/BYJ-6axis/ros2_ws/build/writer': /usr/bin/cmake --install /home/seunghoon/Documents/BYJ-6axis/ros2_ws/build/writer
[3.936s] Level 1:colcon.colcon_core.environment:create_environment_scripts_only(writer)
[3.936s] DEBUG:colcon.colcon_core.event_handler.log_command:Invoked command in '/home/seunghoon/Documents/BYJ-6axis/ros2_ws/build/writer' returned '0': /usr/bin/cmake --install /home/seunghoon/Documents/BYJ-6axis/ros2_ws/build/writer
[3.938s] Level 1:colcon.colcon_core.environment:checking '/home/seunghoon/Documents/BYJ-6axis/ros2_ws/install/writer' for CMake module files
[3.939s] Level 1:colcon.colcon_core.environment:checking '/home/seunghoon/Documents/BYJ-6axis/ros2_ws/install/writer' for CMake config files
[3.939s] Level 1:colcon.colcon_core.shell:create_environment_hook('writer', 'cmake_prefix_path')
[3.939s] INFO:colcon.colcon_core.shell:Creating environment hook '/home/seunghoon/Documents/BYJ-6axis/ros2_ws/install/writer/share/writer/hook/cmake_prefix_path.ps1'
[3.940s] INFO:colcon.colcon_core.shell:Creating environment descriptor '/home/seunghoon/Documents/BYJ-6axis/ros2_ws/install/writer/share/writer/hook/cmake_prefix_path.dsv'
[3.940s] INFO:colcon.colcon_core.shell:Creating environment hook '/home/seunghoon/Documents/BYJ-6axis/ros2_ws/install/writer/share/writer/hook/cmake_prefix_path.sh'
[3.940s] Level 1:colcon.colcon_core.environment:checking '/home/seunghoon/Documents/BYJ-6axis/ros2_ws/install/writer/lib'
[3.941s] Level 1:colcon.colcon_core.environment:checking '/home/seunghoon/Documents/BYJ-6axis/ros2_ws/install/writer/bin'
[3.941s] Level 1:colcon.colcon_core.environment:checking '/home/seunghoon/Documents/BYJ-6axis/ros2_ws/install/writer/lib/pkgconfig/writer.pc'
[3.942s] Level 1:colcon.colcon_core.environment:checking '/home/seunghoon/Documents/BYJ-6axis/ros2_ws/install/writer/lib/python3.10/site-packages'
[3.942s] Level 1:colcon.colcon_core.environment:checking '/home/seunghoon/Documents/BYJ-6axis/ros2_ws/install/writer/bin'
[3.943s] INFO:colcon.colcon_core.shell:Creating package script '/home/seunghoon/Documents/BYJ-6axis/ros2_ws/install/writer/share/writer/package.ps1'
[3.944s] INFO:colcon.colcon_core.shell:Creating package descriptor '/home/seunghoon/Documents/BYJ-6axis/ros2_ws/install/writer/share/writer/package.dsv'
[3.944s] INFO:colcon.colcon_core.shell:Creating package script '/home/seunghoon/Documents/BYJ-6axis/ros2_ws/install/writer/share/writer/package.sh'
[3.945s] INFO:colcon.colcon_core.shell:Creating package script '/home/seunghoon/Documents/BYJ-6axis/ros2_ws/install/writer/share/writer/package.bash'
[3.946s] INFO:colcon.colcon_core.shell:Creating package script '/home/seunghoon/Documents/BYJ-6axis/ros2_ws/install/writer/share/writer/package.zsh'
[3.946s] Level 1:colcon.colcon_core.environment:create_file_with_runtime_dependencies(/home/seunghoon/Documents/BYJ-6axis/ros2_ws/install/writer/share/colcon-core/packages/writer)
[3.947s] Level 1:colcon.colcon_core.environment:create_environment_scripts_only(writer)
[3.947s] Level 1:colcon.colcon_core.environment:checking '/home/seunghoon/Documents/BYJ-6axis/ros2_ws/install/writer' for CMake module files
[3.947s] Level 1:colcon.colcon_core.environment:checking '/home/seunghoon/Documents/BYJ-6axis/ros2_ws/install/writer' for CMake config files
[3.947s] Level 1:colcon.colcon_core.shell:create_environment_hook('writer', 'cmake_prefix_path')
[3.947s] INFO:colcon.colcon_core.shell:Creating environment hook '/home/seunghoon/Documents/BYJ-6axis/ros2_ws/install/writer/share/writer/hook/cmake_prefix_path.ps1'
[3.948s] INFO:colcon.colcon_core.shell:Creating environment descriptor '/home/seunghoon/Documents/BYJ-6axis/ros2_ws/install/writer/share/writer/hook/cmake_prefix_path.dsv'
[3.948s] INFO:colcon.colcon_core.shell:Creating environment hook '/home/seunghoon/Documents/BYJ-6axis/ros2_ws/install/writer/share/writer/hook/cmake_prefix_path.sh'
[3.948s] Level 1:colcon.colcon_core.environment:checking '/home/seunghoon/Documents/BYJ-6axis/ros2_ws/install/writer/lib'
[3.948s] Level 1:colcon.colcon_core.environment:checking '/home/seunghoon/Documents/BYJ-6axis/ros2_ws/install/writer/bin'
[3.948s] Level 1:colcon.colcon_core.environment:checking '/home/seunghoon/Documents/BYJ-6axis/ros2_ws/install/writer/lib/pkgconfig/writer.pc'
[3.949s] Level 1:colcon.colcon_core.environment:checking '/home/seunghoon/Documents/BYJ-6axis/ros2_ws/install/writer/lib/python3.10/site-packages'
[3.949s] Level 1:colcon.colcon_core.environment:checking '/home/seunghoon/Documents/BYJ-6axis/ros2_ws/install/writer/bin'
[3.949s] INFO:colcon.colcon_core.shell:Creating package script '/home/seunghoon/Documents/BYJ-6axis/ros2_ws/install/writer/share/writer/package.ps1'
[3.949s] INFO:colcon.colcon_core.shell:Creating package descriptor '/home/seunghoon/Documents/BYJ-6axis/ros2_ws/install/writer/share/writer/package.dsv'
[3.950s] INFO:colcon.colcon_core.shell:Creating package script '/home/seunghoon/Documents/BYJ-6axis/ros2_ws/install/writer/share/writer/package.sh'
[3.950s] INFO:colcon.colcon_core.shell:Creating package script '/home/seunghoon/Documents/BYJ-6axis/ros2_ws/install/writer/share/writer/package.bash'
[3.950s] INFO:colcon.colcon_core.shell:Creating package script '/home/seunghoon/Documents/BYJ-6axis/ros2_ws/install/writer/share/writer/package.zsh'
[3.950s] Level 1:colcon.colcon_core.environment:create_file_with_runtime_dependencies(/home/seunghoon/Documents/BYJ-6axis/ros2_ws/install/writer/share/colcon-core/packages/writer)
[3.951s] DEBUG:colcon.colcon_parallel_executor.executor.parallel:closing loop
[3.951s] DEBUG:colcon.colcon_parallel_executor.executor.parallel:loop closed
[3.951s] DEBUG:colcon.colcon_parallel_executor.executor.parallel:run_until_complete finished with '0'
[3.951s] DEBUG:colcon.colcon_core.event_reactor:joining thread
[3.954s] INFO:colcon.colcon_core.plugin_system:Skipping extension 'colcon_notification.desktop_notification.terminal_notifier': Not used on non-Darwin systems
[3.954s] INFO:colcon.colcon_core.plugin_system:Skipping extension 'colcon_notification.desktop_notification.win32': Not used on non-Windows systems
[3.954s] INFO:colcon.colcon_notification.desktop_notification:Sending desktop notification using 'notify2'
[3.965s] DEBUG:colcon.colcon_core.event_reactor:joined thread
[3.966s] INFO:colcon.colcon_core.shell:Creating prefix script '/home/seunghoon/Documents/BYJ-6axis/ros2_ws/install/local_setup.ps1'
[3.967s] INFO:colcon.colcon_core.shell:Creating prefix util module '/home/seunghoon/Documents/BYJ-6axis/ros2_ws/install/_local_setup_util_ps1.py'
[3.969s] INFO:colcon.colcon_core.shell:Creating prefix chain script '/home/seunghoon/Documents/BYJ-6axis/ros2_ws/install/setup.ps1'
[3.970s] INFO:colcon.colcon_core.shell:Creating prefix script '/home/seunghoon/Documents/BYJ-6axis/ros2_ws/install/local_setup.sh'
[3.970s] INFO:colcon.colcon_core.shell:Creating prefix util module '/home/seunghoon/Documents/BYJ-6axis/ros2_ws/install/_local_setup_util_sh.py'
[3.971s] INFO:colcon.colcon_core.shell:Creating prefix chain script '/home/seunghoon/Documents/BYJ-6axis/ros2_ws/install/setup.sh'
[3.972s] INFO:colcon.colcon_core.shell:Creating prefix script '/home/seunghoon/Documents/BYJ-6axis/ros2_ws/install/local_setup.bash'
[3.972s] INFO:colcon.colcon_core.shell:Creating prefix chain script '/home/seunghoon/Documents/BYJ-6axis/ros2_ws/install/setup.bash'
[3.973s] INFO:colcon.colcon_core.shell:Creating prefix script '/home/seunghoon/Documents/BYJ-6axis/ros2_ws/install/local_setup.zsh'
[3.973s] INFO:colcon.colcon_core.shell:Creating prefix chain script '/home/seunghoon/Documents/BYJ-6axis/ros2_ws/install/setup.zsh'
