-- Found ament_cmake: 1.3.14 (/opt/ros/humble/share/ament_cmake/cmake)
-- Found rclcpp: 16.0.19 (/opt/ros/humble/share/rclcpp/cmake)
-- Found rosidl_generator_c: 3.1.8 (/opt/ros/humble/share/rosidl_generator_c/cmake)
-- Found rosidl_adapter: 3.1.8 (/opt/ros/humble/share/rosidl_adapter/cmake)
-- Found rosidl_generator_cpp: 3.1.8 (/opt/ros/humble/share/rosidl_generator_cpp/cmake)
-- Using all available rosidl_typesupport_c: rosidl_typesupport_fastrtps_c;rosidl_typesupport_introspection_c
-- Using all available rosidl_typesupport_cpp: rosidl_typesupport_fastrtps_cpp;rosidl_typesupport_introspection_cpp
-- Found rmw_implementation_cmake: 6.1.2 (/opt/ros/humble/share/rmw_implementation_cmake/cmake)
-- Found rmw_fastrtps_cpp: 6.2.10 (/opt/ros/humble/share/rmw_fastrtps_cpp/cmake)
-- Using RMW implementation 'rmw_fastrtps_cpp' as default
-- Found tf2: 0.25.20 (/opt/ros/humble/share/tf2/cmake)
-- Found tf2_ros: 0.25.20 (/opt/ros/humble/share/tf2_ros/cmake)
-- Configuring done
-- Generating done
-- Build files have been written to: /home/seunghoon/Documents/BYJ-6axis/ros2_ws/build/writer
[35m[1mConsolidate compiler generated dependencies of target writer_sensor[0m
[35m[1mConsolidate compiler generated dependencies of target ur_rtde_node[0m
[ 16%] [32mBuilding CXX object CMakeFiles/writer_v3.dir/src/writer_v3.cpp.o[0m
[ 33%] [32mBuilding CXX object CMakeFiles/writer_sensor.dir/src/writer_sensor.cpp.o[0m
[ 50%] [32mBuilding CXX object CMakeFiles/ur_rtde_node.dir/src/ur_rtde_node.cpp.o[0m
[01m[K/home/seunghoon/Documents/BYJ-6axis/ros2_ws/src/writer/src/writer_v3.cpp:[m[K In member function ‘[01m[Kvoid Writer::sensor_callback(std_msgs::msg::Float32MultiArray_<std::allocator<void> >::SharedPtr)[m[K’:
[01m[K/home/seunghoon/Documents/BYJ-6axis/ros2_ws/src/writer/src/writer_v3.cpp:84:7:[m[K [01;31m[Kerror: [m[K‘[01m[Kelapsed_time[m[K’ was not declared in this scope
   84 |       [01;31m[Kelapsed_time[m[K = msg->data[0]; // ard_micros
      |       [01;31m[K^~~~~~~~~~~~[m[K
gmake[2]: *** [CMakeFiles/writer_v3.dir/build.make:76: CMakeFiles/writer_v3.dir/src/writer_v3.cpp.o] Error 1
gmake[1]: *** [CMakeFiles/Makefile2:167: CMakeFiles/writer_v3.dir/all] Error 2
gmake[1]: *** Waiting for unfinished jobs....
[ 66%] [32m[1mLinking CXX executable ur_rtde_node[0m
[ 66%] Built target ur_rtde_node
[ 83%] [32m[1mLinking CXX executable writer_sensor[0m
[ 83%] Built target writer_sensor
gmake: *** [Makefile:146: all] Error 2
