[0.115s] Invoking command in '/home/seunghoon/Documents/BYJ-6axis/ros2_ws/build/writer': CMAKE_PREFIX_PATH=/opt/ros/humble /usr/bin/cmake --build /home/seunghoon/Documents/BYJ-6axis/ros2_ws/build/writer -- -j24 -l24
[0.144s] -- Found ament_cmake: 1.3.14 (/opt/ros/humble/share/ament_cmake/cmake)
[0.218s] -- Found rclcpp: 16.0.19 (/opt/ros/humble/share/rclcpp/cmake)
[0.237s] -- Found rosidl_generator_c: 3.1.8 (/opt/ros/humble/share/rosidl_generator_c/cmake)
[0.239s] -- Found rosidl_adapter: 3.1.8 (/opt/ros/humble/share/rosidl_adapter/cmake)
[0.243s] -- Found rosidl_generator_cpp: 3.1.8 (/opt/ros/humble/share/rosidl_generator_cpp/cmake)
[0.249s] -- Using all available rosidl_typesupport_c: rosidl_typesupport_fastrtps_c;rosidl_typesupport_introspection_c
[0.257s] -- Using all available rosidl_typesupport_cpp: rosidl_typesupport_fastrtps_cpp;rosidl_typesupport_introspection_cpp
[0.277s] -- Found rmw_implementation_cmake: 6.1.2 (/opt/ros/humble/share/rmw_implementation_cmake/cmake)
[0.279s] -- Found rmw_fastrtps_cpp: 6.2.10 (/opt/ros/humble/share/rmw_fastrtps_cpp/cmake)
[0.341s] -- Using RMW implementation 'rmw_fastrtps_cpp' as default
[0.378s] -- Found tf2: 0.25.20 (/opt/ros/humble/share/tf2/cmake)
[0.388s] -- Found tf2_ros: 0.25.20 (/opt/ros/humble/share/tf2_ros/cmake)
[0.476s] -- Configuring done
[0.484s] -- Generating done
[0.488s] -- Build files have been written to: /home/seunghoon/Documents/BYJ-6axis/ros2_ws/build/writer
[0.507s] [35m[1mConsolidate compiler generated dependencies of target writer_sensor[0m
[0.509s] [35m[1mConsolidate compiler generated dependencies of target ur_rtde_node[0m
[0.515s] [ 16%] [32mBuilding CXX object CMakeFiles/writer_v3.dir/src/writer_v3.cpp.o[0m
[0.521s] [ 33%] [32mBuilding CXX object CMakeFiles/writer_sensor.dir/src/writer_sensor.cpp.o[0m
[0.527s] [ 50%] [32mBuilding CXX object CMakeFiles/ur_rtde_node.dir/src/ur_rtde_node.cpp.o[0m
[1.638s] [01m[K/home/seunghoon/Documents/BYJ-6axis/ros2_ws/src/writer/src/writer_v3.cpp:[m[K In member function ‘[01m[Kvoid Writer::sensor_callback(std_msgs::msg::Float32MultiArray_<std::allocator<void> >::SharedPtr)[m[K’:
[1.638s] [01m[K/home/seunghoon/Documents/BYJ-6axis/ros2_ws/src/writer/src/writer_v3.cpp:84:7:[m[K [01;31m[Kerror: [m[K‘[01m[Kelapsed_time[m[K’ was not declared in this scope
[1.638s]    84 |       [01;31m[Kelapsed_time[m[K = msg->data[0]; // ard_micros
[1.638s]       |       [01;31m[K^~~~~~~~~~~~[m[K
[2.782s] gmake[2]: *** [CMakeFiles/writer_v3.dir/build.make:76: CMakeFiles/writer_v3.dir/src/writer_v3.cpp.o] Error 1
[2.782s] gmake[1]: *** [CMakeFiles/Makefile2:167: CMakeFiles/writer_v3.dir/all] Error 2
[2.782s] gmake[1]: *** Waiting for unfinished jobs....
[3.402s] [ 66%] [32m[1mLinking CXX executable ur_rtde_node[0m
[3.522s] [ 66%] Built target ur_rtde_node
[4.264s] [ 83%] [32m[1mLinking CXX executable writer_sensor[0m
[4.443s] [ 83%] Built target writer_sensor
[4.443s] gmake: *** [Makefile:146: all] Error 2
[4.445s] Invoked command in '/home/seunghoon/Documents/BYJ-6axis/ros2_ws/build/writer' returned '2': CMAKE_PREFIX_PATH=/opt/ros/humble /usr/bin/cmake --build /home/seunghoon/Documents/BYJ-6axis/ros2_ws/build/writer -- -j24 -l24
