[0.261s] Invoking command in '/home/seunghoon/Documents/BYJ-hexsen/ros2_ws/src/sensor': PYTHONPATH=/home/seunghoon/Documents/BYJ-hexsen/ros2_ws/build/sensor/prefix_override:/usr/lib/python3/dist-packages/colcon_core/task/python/colcon_distutils_commands:/home/seunghoon/Documents/BYJ-hexsen/ros2_ws/install/sensor/lib/python3.10/site-packages:${PYTHONPATH} /usr/bin/python3 -W ignore:setup.py install is deprecated -W ignore:easy_install command is deprecated setup.py egg_info --egg-base ../../build/sensor build --build-base /home/seunghoon/Documents/BYJ-hexsen/ros2_ws/build/sensor/build install --record /home/seunghoon/Documents/BYJ-hexsen/ros2_ws/build/sensor/install.log --single-version-externally-managed install_data
[0.356s] running egg_info
[0.356s] creating ../../build/sensor/sensor.egg-info
[0.356s] writing ../../build/sensor/sensor.egg-info/PKG-INFO
[0.356s] writing dependency_links to ../../build/sensor/sensor.egg-info/dependency_links.txt
[0.356s] writing entry points to ../../build/sensor/sensor.egg-info/entry_points.txt
[0.356s] writing requirements to ../../build/sensor/sensor.egg-info/requires.txt
[0.356s] writing top-level names to ../../build/sensor/sensor.egg-info/top_level.txt
[0.356s] writing manifest file '../../build/sensor/sensor.egg-info/SOURCES.txt'
[0.357s] reading manifest file '../../build/sensor/sensor.egg-info/SOURCES.txt'
[0.357s] writing manifest file '../../build/sensor/sensor.egg-info/SOURCES.txt'
[0.357s] running build
[0.357s] running build_py
[0.357s] creating /home/seunghoon/Documents/BYJ-hexsen/ros2_ws/build/sensor/build
[0.357s] creating /home/seunghoon/Documents/BYJ-hexsen/ros2_ws/build/sensor/build/lib
[0.357s] creating /home/seunghoon/Documents/BYJ-hexsen/ros2_ws/build/sensor/build/lib/sensor
[0.357s] copying sensor/__init__.py -> /home/seunghoon/Documents/BYJ-hexsen/ros2_ws/build/sensor/build/lib/sensor
[0.357s] copying sensor/Receiver_24bit_ard_time.py -> /home/seunghoon/Documents/BYJ-hexsen/ros2_ws/build/sensor/build/lib/sensor
[0.357s] copying sensor/sensor_hex.py -> /home/seunghoon/Documents/BYJ-hexsen/ros2_ws/build/sensor/build/lib/sensor
[0.357s] running install
[0.358s] running install_lib
[0.358s] creating /home/seunghoon/Documents/BYJ-hexsen/ros2_ws/install/sensor/lib/python3.10/site-packages/sensor
[0.358s] copying /home/seunghoon/Documents/BYJ-hexsen/ros2_ws/build/sensor/build/lib/sensor/__init__.py -> /home/seunghoon/Documents/BYJ-hexsen/ros2_ws/install/sensor/lib/python3.10/site-packages/sensor
[0.358s] copying /home/seunghoon/Documents/BYJ-hexsen/ros2_ws/build/sensor/build/lib/sensor/Receiver_24bit_ard_time.py -> /home/seunghoon/Documents/BYJ-hexsen/ros2_ws/install/sensor/lib/python3.10/site-packages/sensor
[0.358s] copying /home/seunghoon/Documents/BYJ-hexsen/ros2_ws/build/sensor/build/lib/sensor/sensor_hex.py -> /home/seunghoon/Documents/BYJ-hexsen/ros2_ws/install/sensor/lib/python3.10/site-packages/sensor
[0.358s] byte-compiling /home/seunghoon/Documents/BYJ-hexsen/ros2_ws/install/sensor/lib/python3.10/site-packages/sensor/__init__.py to __init__.cpython-310.pyc
[0.358s] byte-compiling /home/seunghoon/Documents/BYJ-hexsen/ros2_ws/install/sensor/lib/python3.10/site-packages/sensor/Receiver_24bit_ard_time.py to Receiver_24bit_ard_time.cpython-310.pyc
[0.359s] byte-compiling /home/seunghoon/Documents/BYJ-hexsen/ros2_ws/install/sensor/lib/python3.10/site-packages/sensor/sensor_hex.py to sensor_hex.cpython-310.pyc
[0.359s] running install_data
[0.359s] creating /home/seunghoon/Documents/BYJ-hexsen/ros2_ws/install/sensor/share/ament_index
[0.359s] creating /home/seunghoon/Documents/BYJ-hexsen/ros2_ws/install/sensor/share/ament_index/resource_index
[0.359s] creating /home/seunghoon/Documents/BYJ-hexsen/ros2_ws/install/sensor/share/ament_index/resource_index/packages
[0.359s] copying resource/sensor -> /home/seunghoon/Documents/BYJ-hexsen/ros2_ws/install/sensor/share/ament_index/resource_index/packages
[0.359s] copying package.xml -> /home/seunghoon/Documents/BYJ-hexsen/ros2_ws/install/sensor/share/sensor
[0.359s] running install_egg_info
[0.360s] Copying ../../build/sensor/sensor.egg-info to /home/seunghoon/Documents/BYJ-hexsen/ros2_ws/install/sensor/lib/python3.10/site-packages/sensor-0.0.1-py3.10.egg-info
[0.360s] running install_scripts
[0.370s] Installing sensor_hex script to /home/seunghoon/Documents/BYJ-hexsen/ros2_ws/install/sensor/lib/sensor
[0.370s] writing list of installed files to '/home/seunghoon/Documents/BYJ-hexsen/ros2_ws/build/sensor/install.log'
[0.380s] Invoked command in '/home/seunghoon/Documents/BYJ-hexsen/ros2_ws/src/sensor' returned '0': PYTHONPATH=/home/seunghoon/Documents/BYJ-hexsen/ros2_ws/build/sensor/prefix_override:/usr/lib/python3/dist-packages/colcon_core/task/python/colcon_distutils_commands:/home/seunghoon/Documents/BYJ-hexsen/ros2_ws/install/sensor/lib/python3.10/site-packages:${PYTHONPATH} /usr/bin/python3 -W ignore:setup.py install is deprecated -W ignore:easy_install command is deprecated setup.py egg_info --egg-base ../../build/sensor build --build-base /home/seunghoon/Documents/BYJ-hexsen/ros2_ws/build/sensor/build install --record /home/seunghoon/Documents/BYJ-hexsen/ros2_ws/build/sensor/install.log --single-version-externally-managed install_data
