[0.255s] Invoking command in '/home/seunghoon/Documents/BYJ-6axis/ros2_ws/src/sensor': PYTHONPATH=/home/seunghoon/Documents/BYJ-6axis/ros2_ws/build/sensor/prefix_override:/usr/lib/python3/dist-packages/colcon_core/task/python/colcon_distutils_commands:/home/seunghoon/Documents/BYJ-6axis/ros2_ws/install/sensor/lib/python3.10/site-packages:${PYTHONPATH} /usr/bin/python3 -W ignore:setup.py install is deprecated -W ignore:easy_install command is deprecated setup.py egg_info --egg-base ../../build/sensor build --build-base /home/seunghoon/Documents/BYJ-6axis/ros2_ws/build/sensor/build install --record /home/seunghoon/Documents/BYJ-6axis/ros2_ws/build/sensor/install.log --single-version-externally-managed install_data
[0.351s] running egg_info
[0.352s] writing ../../build/sensor/sensor.egg-info/PKG-INFO
[0.352s] writing dependency_links to ../../build/sensor/sensor.egg-info/dependency_links.txt
[0.352s] writing entry points to ../../build/sensor/sensor.egg-info/entry_points.txt
[0.352s] writing requirements to ../../build/sensor/sensor.egg-info/requires.txt
[0.352s] writing top-level names to ../../build/sensor/sensor.egg-info/top_level.txt
[0.353s] reading manifest file '../../build/sensor/sensor.egg-info/SOURCES.txt'
[0.353s] writing manifest file '../../build/sensor/sensor.egg-info/SOURCES.txt'
[0.353s] running build
[0.353s] running build_py
[0.353s] running install
[0.353s] running install_lib
[0.354s] running install_data
[0.354s] running install_egg_info
[0.355s] removing '/home/seunghoon/Documents/BYJ-6axis/ros2_ws/install/sensor/lib/python3.10/site-packages/sensor-0.0.1-py3.10.egg-info' (and everything under it)
[0.355s] Copying ../../build/sensor/sensor.egg-info to /home/seunghoon/Documents/BYJ-6axis/ros2_ws/install/sensor/lib/python3.10/site-packages/sensor-0.0.1-py3.10.egg-info
[0.355s] running install_scripts
[0.364s] Installing sensor_hex script to /home/seunghoon/Documents/BYJ-6axis/ros2_ws/install/sensor/lib/sensor
[0.365s] writing list of installed files to '/home/seunghoon/Documents/BYJ-6axis/ros2_ws/build/sensor/install.log'
[0.375s] Invoked command in '/home/seunghoon/Documents/BYJ-6axis/ros2_ws/src/sensor' returned '0': PYTHONPATH=/home/seunghoon/Documents/BYJ-6axis/ros2_ws/build/sensor/prefix_override:/usr/lib/python3/dist-packages/colcon_core/task/python/colcon_distutils_commands:/home/seunghoon/Documents/BYJ-6axis/ros2_ws/install/sensor/lib/python3.10/site-packages:${PYTHONPATH} /usr/bin/python3 -W ignore:setup.py install is deprecated -W ignore:easy_install command is deprecated setup.py egg_info --egg-base ../../build/sensor build --build-base /home/seunghoon/Documents/BYJ-6axis/ros2_ws/build/sensor/build install --record /home/seunghoon/Documents/BYJ-6axis/ros2_ws/build/sensor/install.log --single-version-externally-managed install_data
