[ 66%] [32mBuilding CXX object CMakeFiles/imu_pub.dir/src/serial.cpp.o[0m
[ 66%] [32mBuilding CXX object CMakeFiles/imu_pub.dir/src/main.cpp.o[0m
[100%] [32m[1mLinking CXX executable imu_pub[0m
[100%] Built target imu_pub
-- Install configuration: ""
-- Installing: /home/seunghoon/Documents/BYJ-hexsen/ros2_ws/install/sensorcpp/lib/sensorcpp/imu_pub
-- Set runtime path of "/home/seunghoon/Documents/BYJ-hexsen/ros2_ws/install/sensorcpp/lib/sensorcpp/imu_pub" to ""
-- Up-to-date: /home/seunghoon/Documents/BYJ-hexsen/ros2_ws/install/sensorcpp/include
-- Up-to-date: /home/seunghoon/Documents/BYJ-hexsen/ros2_ws/install/sensorcpp/include/sensorcpp
-- Installing: /home/seunghoon/Documents/BYJ-hexsen/ros2_ws/install/sensorcpp/include/sensorcpp/serial.hpp
-- Up-to-date: /home/seunghoon/Documents/BYJ-hexsen/ros2_ws/install/sensorcpp/share/ament_index/resource_index/package_run_dependencies/sensorcpp
-- Up-to-date: /home/seunghoon/Documents/BYJ-hexsen/ros2_ws/install/sensorcpp/share/ament_index/resource_index/parent_prefix_path/sensorcpp
-- Up-to-date: /home/seunghoon/Documents/BYJ-hexsen/ros2_ws/install/sensorcpp/share/sensorcpp/environment/ament_prefix_path.sh
-- Up-to-date: /home/seunghoon/Documents/BYJ-hexsen/ros2_ws/install/sensorcpp/share/sensorcpp/environment/ament_prefix_path.dsv
-- Up-to-date: /home/seunghoon/Documents/BYJ-hexsen/ros2_ws/install/sensorcpp/share/sensorcpp/environment/path.sh
-- Up-to-date: /home/seunghoon/Documents/BYJ-hexsen/ros2_ws/install/sensorcpp/share/sensorcpp/environment/path.dsv
-- Up-to-date: /home/seunghoon/Documents/BYJ-hexsen/ros2_ws/install/sensorcpp/share/sensorcpp/local_setup.bash
-- Up-to-date: /home/seunghoon/Documents/BYJ-hexsen/ros2_ws/install/sensorcpp/share/sensorcpp/local_setup.sh
-- Up-to-date: /home/seunghoon/Documents/BYJ-hexsen/ros2_ws/install/sensorcpp/share/sensorcpp/local_setup.zsh
-- Up-to-date: /home/seunghoon/Documents/BYJ-hexsen/ros2_ws/install/sensorcpp/share/sensorcpp/local_setup.dsv
-- Installing: /home/seunghoon/Documents/BYJ-hexsen/ros2_ws/install/sensorcpp/share/sensorcpp/package.dsv
-- Up-to-date: /home/seunghoon/Documents/BYJ-hexsen/ros2_ws/install/sensorcpp/share/ament_index/resource_index/packages/sensorcpp
-- Up-to-date: /home/seunghoon/Documents/BYJ-hexsen/ros2_ws/install/sensorcpp/share/sensorcpp/cmake/sensorcppConfig.cmake
-- Up-to-date: /home/seunghoon/Documents/BYJ-hexsen/ros2_ws/install/sensorcpp/share/sensorcpp/cmake/sensorcppConfig-version.cmake
-- Up-to-date: /home/seunghoon/Documents/BYJ-hexsen/ros2_ws/install/sensorcpp/share/sensorcpp/package.xml
