[0.117s] Invoking command in '/home/seunghoon/Documents/BYJ-hexsen/ros2_ws/build/writer': CMAKE_PREFIX_PATH=${CMAKE_PREFIX_PATH}:/home/seunghoon/Documents/BYJ-hexsen/ros2_ws/install/sensor:/opt/ros/humble /usr/bin/cmake --build /home/seunghoon/Documents/BYJ-hexsen/ros2_ws/build/writer -- -j24 -l24
[0.150s] [35m[1mConsolidate compiler generated dependencies of target writer_v4[0m
[0.161s] [ 25%] Built target writer_sensor
[0.162s] [ 50%] Built target ur_rtde_r
[0.162s] [ 75%] Built target writer_v4
[0.164s] [100%] Built target ur_rtde_node
[0.170s] Invoked command in '/home/seunghoon/Documents/BYJ-hexsen/ros2_ws/build/writer' returned '0': CMAKE_PREFIX_PATH=${CMAKE_PREFIX_PATH}:/home/seunghoon/Documents/BYJ-hexsen/ros2_ws/install/sensor:/opt/ros/humble /usr/bin/cmake --build /home/seunghoon/Documents/BYJ-hexsen/ros2_ws/build/writer -- -j24 -l24
[0.176s] Invoking command in '/home/seunghoon/Documents/BYJ-hexsen/ros2_ws/build/writer': CMAKE_PREFIX_PATH=${CMAKE_PREFIX_PATH}:/home/seunghoon/Documents/BYJ-hexsen/ros2_ws/install/sensor:/opt/ros/humble /usr/bin/cmake --install /home/seunghoon/Documents/BYJ-hexsen/ros2_ws/build/writer
[0.181s] -- Install configuration: ""
[0.182s] -- Up-to-date: /home/seunghoon/Documents/BYJ-hexsen/ros2_ws/install/writer/lib/writer/ur_rtde_node
[0.182s] -- Up-to-date: /home/seunghoon/Documents/BYJ-hexsen/ros2_ws/install/writer/lib/writer/ur_rtde_r
[0.183s] -- Up-to-date: /home/seunghoon/Documents/BYJ-hexsen/ros2_ws/install/writer/lib/writer/writer_v4
[0.183s] -- Up-to-date: /home/seunghoon/Documents/BYJ-hexsen/ros2_ws/install/writer/lib/writer/writer_sensor
[0.183s] -- Up-to-date: /home/seunghoon/Documents/BYJ-hexsen/ros2_ws/install/writer/share/ament_index/resource_index/package_run_dependencies/writer
[0.183s] -- Up-to-date: /home/seunghoon/Documents/BYJ-hexsen/ros2_ws/install/writer/share/ament_index/resource_index/parent_prefix_path/writer
[0.183s] -- Up-to-date: /home/seunghoon/Documents/BYJ-hexsen/ros2_ws/install/writer/share/writer/environment/ament_prefix_path.sh
[0.183s] -- Up-to-date: /home/seunghoon/Documents/BYJ-hexsen/ros2_ws/install/writer/share/writer/environment/ament_prefix_path.dsv
[0.183s] -- Up-to-date: /home/seunghoon/Documents/BYJ-hexsen/ros2_ws/install/writer/share/writer/environment/path.sh
[0.184s] -- Up-to-date: /home/seunghoon/Documents/BYJ-hexsen/ros2_ws/install/writer/share/writer/environment/path.dsv
[0.184s] -- Up-to-date: /home/seunghoon/Documents/BYJ-hexsen/ros2_ws/install/writer/share/writer/local_setup.bash
[0.184s] -- Up-to-date: /home/seunghoon/Documents/BYJ-hexsen/ros2_ws/install/writer/share/writer/local_setup.sh
[0.184s] -- Up-to-date: /home/seunghoon/Documents/BYJ-hexsen/ros2_ws/install/writer/share/writer/local_setup.zsh
[0.184s] -- Up-to-date: /home/seunghoon/Documents/BYJ-hexsen/ros2_ws/install/writer/share/writer/local_setup.dsv
[0.184s] -- Installing: /home/seunghoon/Documents/BYJ-hexsen/ros2_ws/install/writer/share/writer/package.dsv
[0.184s] -- Up-to-date: /home/seunghoon/Documents/BYJ-hexsen/ros2_ws/install/writer/share/ament_index/resource_index/packages/writer
[0.184s] -- Up-to-date: /home/seunghoon/Documents/BYJ-hexsen/ros2_ws/install/writer/share/writer/cmake/writerConfig.cmake
[0.184s] -- Up-to-date: /home/seunghoon/Documents/BYJ-hexsen/ros2_ws/install/writer/share/writer/cmake/writerConfig-version.cmake
[0.184s] -- Up-to-date: /home/seunghoon/Documents/BYJ-hexsen/ros2_ws/install/writer/share/writer/package.xml
[0.185s] Invoked command in '/home/seunghoon/Documents/BYJ-hexsen/ros2_ws/build/writer' returned '0': CMAKE_PREFIX_PATH=${CMAKE_PREFIX_PATH}:/home/seunghoon/Documents/BYJ-hexsen/ros2_ws/install/sensor:/opt/ros/humble /usr/bin/cmake --install /home/seunghoon/Documents/BYJ-hexsen/ros2_ws/build/writer
