-- Found ament_cmake: 1.3.14 (/opt/ros/humble/share/ament_cmake/cmake)
-- Found rclcpp: 16.0.19 (/opt/ros/humble/share/rclcpp/cmake)
-- Found rosidl_generator_c: 3.1.8 (/opt/ros/humble/share/rosidl_generator_c/cmake)
-- Found rosidl_adapter: 3.1.8 (/opt/ros/humble/share/rosidl_adapter/cmake)
-- Found rosidl_generator_cpp: 3.1.8 (/opt/ros/humble/share/rosidl_generator_cpp/cmake)
-- Using all available rosidl_typesupport_c: rosidl_typesupport_fastrtps_c;rosidl_typesupport_introspection_c
-- Using all available rosidl_typesupport_cpp: rosidl_typesupport_fastrtps_cpp;rosidl_typesupport_introspection_cpp
-- Found rmw_implementation_cmake: 6.1.2 (/opt/ros/humble/share/rmw_implementation_cmake/cmake)
-- Found rmw_fastrtps_cpp: 6.2.10 (/opt/ros/humble/share/rmw_fastrtps_cpp/cmake)
-- Using RMW implementation 'rmw_fastrtps_cpp' as default
-- Found tf2: 0.25.20 (/opt/ros/humble/share/tf2/cmake)
-- Found tf2_ros: 0.25.20 (/opt/ros/humble/share/tf2_ros/cmake)
-- Configuring done
-- Generating done
-- Build files have been written to: /home/seunghoon/Documents/BYJ-hexsen/ros2_ws/build/writer
[35m[1mConsolidate compiler generated dependencies of target writer_sensor[0m
[35m[1mConsolidate compiler generated dependencies of target ur_rtde_r[0m
[35m[1mConsolidate compiler generated dependencies of target writer_imu[0m
[35m[1mConsolidate compiler generated dependencies of target ur_rtde_node[0m
[35m[1mConsolidate compiler generated dependencies of target writer_v4[0m
[ 20%] Built target writer_sensor
[ 50%] [32mBuilding CXX object CMakeFiles/writer_v4.dir/src/writer_v4.cpp.o[0m
[ 50%] Built target writer_imu
[ 70%] Built target ur_rtde_r
[ 90%] Built target ur_rtde_node
[100%] [32m[1mLinking CXX executable writer_v4[0m
[100%] Built target writer_v4
-- Install configuration: ""
-- Up-to-date: /home/seunghoon/Documents/BYJ-hexsen/ros2_ws/install/writer/lib/writer/ur_rtde_node
-- Up-to-date: /home/seunghoon/Documents/BYJ-hexsen/ros2_ws/install/writer/lib/writer/ur_rtde_r
-- Installing: /home/seunghoon/Documents/BYJ-hexsen/ros2_ws/install/writer/lib/writer/writer_v4
-- Set runtime path of "/home/seunghoon/Documents/BYJ-hexsen/ros2_ws/install/writer/lib/writer/writer_v4" to ""
-- Up-to-date: /home/seunghoon/Documents/BYJ-hexsen/ros2_ws/install/writer/lib/writer/writer_sensor
-- Up-to-date: /home/seunghoon/Documents/BYJ-hexsen/ros2_ws/install/writer/lib/writer/writer_imu
-- Installing: /home/seunghoon/Documents/BYJ-hexsen/ros2_ws/install/writer/share/ament_index/resource_index/package_run_dependencies/writer
-- Up-to-date: /home/seunghoon/Documents/BYJ-hexsen/ros2_ws/install/writer/share/ament_index/resource_index/parent_prefix_path/writer
-- Up-to-date: /home/seunghoon/Documents/BYJ-hexsen/ros2_ws/install/writer/share/writer/environment/ament_prefix_path.sh
-- Installing: /home/seunghoon/Documents/BYJ-hexsen/ros2_ws/install/writer/share/writer/environment/ament_prefix_path.dsv
-- Up-to-date: /home/seunghoon/Documents/BYJ-hexsen/ros2_ws/install/writer/share/writer/environment/path.sh
-- Installing: /home/seunghoon/Documents/BYJ-hexsen/ros2_ws/install/writer/share/writer/environment/path.dsv
-- Up-to-date: /home/seunghoon/Documents/BYJ-hexsen/ros2_ws/install/writer/share/writer/local_setup.bash
-- Up-to-date: /home/seunghoon/Documents/BYJ-hexsen/ros2_ws/install/writer/share/writer/local_setup.sh
-- Up-to-date: /home/seunghoon/Documents/BYJ-hexsen/ros2_ws/install/writer/share/writer/local_setup.zsh
-- Installing: /home/seunghoon/Documents/BYJ-hexsen/ros2_ws/install/writer/share/writer/local_setup.dsv
-- Installing: /home/seunghoon/Documents/BYJ-hexsen/ros2_ws/install/writer/share/writer/package.dsv
-- Up-to-date: /home/seunghoon/Documents/BYJ-hexsen/ros2_ws/install/writer/share/ament_index/resource_index/packages/writer
-- Up-to-date: /home/seunghoon/Documents/BYJ-hexsen/ros2_ws/install/writer/share/writer/cmake/writerConfig.cmake
-- Up-to-date: /home/seunghoon/Documents/BYJ-hexsen/ros2_ws/install/writer/share/writer/cmake/writerConfig-version.cmake
-- Installing: /home/seunghoon/Documents/BYJ-hexsen/ros2_ws/install/writer/share/writer/package.xml
